Archive member included to satisfy reference by file (symbol)

/usr/lib/gcc/avr/5.4.0/avr35/libgcc.a(_mulhi3.o)
                              obj/HIDParser.o (__mulhi3)
/usr/lib/gcc/avr/5.4.0/avr35/libgcc.a(_exit.o)
                              /usr/lib/gcc/avr/5.4.0/../../../avr/lib/avr35/crtat90usb162.o (exit)
/usr/lib/gcc/avr/5.4.0/avr35/libgcc.a(_copy_data.o)
                              obj/gpio.o (__do_copy_data)
/usr/lib/gcc/avr/5.4.0/avr35/libgcc.a(_clear_bss.o)
                              obj/gpio.o (__do_clear_bss)
/usr/lib/gcc/avr/5.4.0/../../../avr/lib/avr35/libc.a(memcpy_P.o)
                              obj/RNDISClassDevice.o (memcpy_P)
/usr/lib/gcc/avr/5.4.0/../../../avr/lib/avr35/libc.a(strlen_P.o)
                              obj/CDCClassDevice.o (__strlen_P)
/usr/lib/gcc/avr/5.4.0/../../../avr/lib/avr35/libc.a(memcmp.o)
                              obj/HIDClassDevice.o (memcmp)
/usr/lib/gcc/avr/5.4.0/../../../avr/lib/avr35/libc.a(memcpy.o)
                              obj/HIDClassDevice.o (memcpy)
/usr/lib/gcc/avr/5.4.0/../../../avr/lib/avr35/libc.a(memset.o)
                              obj/HIDClassDevice.o (memset)
/usr/lib/gcc/avr/5.4.0/../../../avr/lib/avr35/libc.a(strncmp.o)
                              obj/gpio.o (strncmp)
/usr/lib/gcc/avr/5.4.0/../../../avr/lib/avr35/libc.a(fgets.o)
                              obj/gpio.o (fgets)
/usr/lib/gcc/avr/5.4.0/../../../avr/lib/avr35/libc.a(iob.o)
                              obj/gpio.o (__iob)
/usr/lib/gcc/avr/5.4.0/../../../avr/lib/avr35/libc.a(printf.o)
                              obj/gpio.o (printf)
/usr/lib/gcc/avr/5.4.0/../../../avr/lib/avr35/libc.a(puts.o)
                              obj/gpio.o (puts)
/usr/lib/gcc/avr/5.4.0/../../../avr/lib/avr35/libc.a(sscanf.o)
                              obj/gpio.o (sscanf)
/usr/lib/gcc/avr/5.4.0/../../../avr/lib/avr35/libc.a(vfprintf_std.o)
                              /usr/lib/gcc/avr/5.4.0/../../../avr/lib/avr35/libc.a(printf.o) (vfprintf)
/usr/lib/gcc/avr/5.4.0/../../../avr/lib/avr35/libc.a(vfscanf_std.o)
                              /usr/lib/gcc/avr/5.4.0/../../../avr/lib/avr35/libc.a(sscanf.o) (vfscanf)
/usr/lib/gcc/avr/5.4.0/../../../avr/lib/avr35/libc.a(isspace.o)
                              /usr/lib/gcc/avr/5.4.0/../../../avr/lib/avr35/libc.a(vfscanf_std.o) (isspace)
/usr/lib/gcc/avr/5.4.0/../../../avr/lib/avr35/libc.a(strchr_P.o)
                              /usr/lib/gcc/avr/5.4.0/../../../avr/lib/avr35/libc.a(vfscanf_std.o) (strchr_P)
/usr/lib/gcc/avr/5.4.0/../../../avr/lib/avr35/libc.a(strnlen_P.o)
                              /usr/lib/gcc/avr/5.4.0/../../../avr/lib/avr35/libc.a(vfprintf_std.o) (strnlen_P)
/usr/lib/gcc/avr/5.4.0/../../../avr/lib/avr35/libc.a(strnlen.o)
                              /usr/lib/gcc/avr/5.4.0/../../../avr/lib/avr35/libc.a(vfprintf_std.o) (strnlen)
/usr/lib/gcc/avr/5.4.0/../../../avr/lib/avr35/libc.a(fgetc.o)
                              /usr/lib/gcc/avr/5.4.0/../../../avr/lib/avr35/libc.a(fgets.o) (fgetc)
/usr/lib/gcc/avr/5.4.0/../../../avr/lib/avr35/libc.a(fputc.o)
                              /usr/lib/gcc/avr/5.4.0/../../../avr/lib/avr35/libc.a(vfprintf_std.o) (fputc)
/usr/lib/gcc/avr/5.4.0/../../../avr/lib/avr35/libc.a(ungetc.o)
                              /usr/lib/gcc/avr/5.4.0/../../../avr/lib/avr35/libc.a(vfscanf_std.o) (ungetc)
/usr/lib/gcc/avr/5.4.0/../../../avr/lib/avr35/libc.a(ultoa_invert.o)
                              /usr/lib/gcc/avr/5.4.0/../../../avr/lib/avr35/libc.a(vfprintf_std.o) (__ultoa_invert)
/usr/lib/gcc/avr/5.4.0/../../../avr/lib/avr35/libc.a(cty_isfalse.o)
                              /usr/lib/gcc/avr/5.4.0/../../../avr/lib/avr35/libc.a(isspace.o) (__ctype_isfalse)
/usr/lib/gcc/avr/5.4.0/../../../avr/lib/avr35/libat90usb162.a(eerd_byte.o)
                              obj/EndpointStream_AVR8.o (eeprom_read_byte)
/usr/lib/gcc/avr/5.4.0/../../../avr/lib/avr35/libat90usb162.a(eeupd_byte.o)
                              obj/EndpointStream_AVR8.o (eeprom_update_byte)
/usr/lib/gcc/avr/5.4.0/avr35/libgcc.a(_mulqi3.o)
                              /usr/lib/gcc/avr/5.4.0/../../../avr/lib/avr35/libc.a(vfprintf_std.o) (__mulqi3)
/usr/lib/gcc/avr/5.4.0/avr35/libgcc.a(_prologue.o)
                              /usr/lib/gcc/avr/5.4.0/../../../avr/lib/avr35/libc.a(fgets.o) (__prologue_saves__)
/usr/lib/gcc/avr/5.4.0/avr35/libgcc.a(_epilogue.o)
                              /usr/lib/gcc/avr/5.4.0/../../../avr/lib/avr35/libc.a(fgets.o) (__epilogue_restores__)

Allocating common symbols
Common symbol       size              file

USB_IsInitialized   0x1               obj/USBTask.o
USB_DeviceState     0x1               obj/USBTask.o
USB_Device_ConfigurationNumber
                    0x1               obj/DeviceStandardReq.o
USB_Device_CurrentlySelfPowered
                    0x1               obj/DeviceStandardReq.o
USB_ControlRequest  0x8               obj/USBTask.o
USB_Device_RemoteWakeupEnabled
                    0x1               obj/DeviceStandardReq.o
__iob               0x6               /usr/lib/gcc/avr/5.4.0/../../../avr/lib/avr35/libc.a(iob.o)

Discarded input sections

 .data          0x00000000        0x0 /usr/lib/gcc/avr/5.4.0/../../../avr/lib/avr35/crtat90usb162.o
 .bss           0x00000000        0x0 /usr/lib/gcc/avr/5.4.0/../../../avr/lib/avr35/crtat90usb162.o
 .text          0x00000000        0x0 obj/gpio.o
 .text          0x00000000        0x0 obj/Descriptors.o
 .data          0x00000000        0x0 obj/Descriptors.o
 .bss           0x00000000        0x0 obj/Descriptors.o
 .text          0x00000000        0x0 obj/HIDParser.o
 .data          0x00000000        0x0 obj/HIDParser.o
 .bss           0x00000000        0x0 obj/HIDParser.o
 .text.USB_ProcessHIDReport
                0x00000000      0x6d8 obj/HIDParser.o
 .text.USB_GetHIDReportItemInfo
                0x00000000       0xbc obj/HIDParser.o
 .text.USB_SetHIDReportItemInfo
                0x00000000       0xc0 obj/HIDParser.o
 .text.USB_GetHIDReportSize
                0x00000000       0x56 obj/HIDParser.o
 .debug_info    0x00000000      0x739 obj/HIDParser.o
 .debug_abbrev  0x00000000      0x21a obj/HIDParser.o
 .debug_loc     0x00000000      0xac1 obj/HIDParser.o
 .debug_aranges
                0x00000000       0x38 obj/HIDParser.o
 .debug_ranges  0x00000000       0xd0 obj/HIDParser.o
 .debug_line    0x00000000      0x56e obj/HIDParser.o
 .debug_str     0x00000000      0x6e7 obj/HIDParser.o
 .comment       0x00000000       0x12 obj/HIDParser.o
 .debug_frame   0x00000000      0x11c obj/HIDParser.o
 .text          0x00000000        0x0 obj/Device_AVR8.o
 .data          0x00000000        0x0 obj/Device_AVR8.o
 .bss           0x00000000        0x0 obj/Device_AVR8.o
 .text.USB_Device_SendRemoteWakeup
                0x00000000       0x2a obj/Device_AVR8.o
 .debug_info    0x00000000       0xd2 obj/Device_AVR8.o
 .debug_abbrev  0x00000000       0x80 obj/Device_AVR8.o
 .debug_aranges
                0x00000000       0x20 obj/Device_AVR8.o
 .debug_ranges  0x00000000       0x10 obj/Device_AVR8.o
 .debug_line    0x00000000      0x120 obj/Device_AVR8.o
 .debug_str     0x00000000      0x223 obj/Device_AVR8.o
 .comment       0x00000000       0x12 obj/Device_AVR8.o
 .debug_frame   0x00000000       0x24 obj/Device_AVR8.o
 .text          0x00000000        0x0 obj/EndpointStream_AVR8.o
 .data          0x00000000        0x0 obj/EndpointStream_AVR8.o
 .bss           0x00000000        0x0 obj/EndpointStream_AVR8.o
 .text.Endpoint_Discard_Stream
                0x00000000       0x82 obj/EndpointStream_AVR8.o
 .text.Endpoint_Null_Stream
                0x00000000       0x82 obj/EndpointStream_AVR8.o
 .text.Endpoint_Write_Stream_LE
                0x00000000       0x96 obj/EndpointStream_AVR8.o
 .text.Endpoint_Write_Stream_BE
                0x00000000       0xa0 obj/EndpointStream_AVR8.o
 .text.Endpoint_Read_Stream_LE
                0x00000000       0x96 obj/EndpointStream_AVR8.o
 .text.Endpoint_Read_Stream_BE
                0x00000000       0xa0 obj/EndpointStream_AVR8.o
 .text.Endpoint_Write_PStream_LE
                0x00000000       0x9a obj/EndpointStream_AVR8.o
 .text.Endpoint_Write_PStream_BE
                0x00000000       0xa2 obj/EndpointStream_AVR8.o
 .text.Endpoint_Write_EStream_LE
                0x00000000       0x9c obj/EndpointStream_AVR8.o
 .text.Endpoint_Write_EStream_BE
                0x00000000       0xa4 obj/EndpointStream_AVR8.o
 .text.Endpoint_Read_EStream_LE
                0x00000000       0x9c obj/EndpointStream_AVR8.o
 .text.Endpoint_Read_EStream_BE
                0x00000000       0xa4 obj/EndpointStream_AVR8.o
 .text.Endpoint_Write_Control_Stream_BE
                0x00000000       0xca obj/EndpointStream_AVR8.o
 .text.Endpoint_Read_Control_Stream_LE
                0x00000000       0x78 obj/EndpointStream_AVR8.o
 .text.Endpoint_Read_Control_Stream_BE
                0x00000000       0x7a obj/EndpointStream_AVR8.o
 .text.Endpoint_Write_Control_PStream_BE
                0x00000000       0xc8 obj/EndpointStream_AVR8.o
 .text.Endpoint_Write_Control_EStream_LE
                0x00000000       0xe8 obj/EndpointStream_AVR8.o
 .text.Endpoint_Write_Control_EStream_BE
                0x00000000       0xfa obj/EndpointStream_AVR8.o
 .text.Endpoint_Read_Control_EStream_LE
                0x00000000       0x8c obj/EndpointStream_AVR8.o
 .text.Endpoint_Read_Control_EStream_BE
                0x00000000       0x8a obj/EndpointStream_AVR8.o
 .text          0x00000000        0x0 obj/Endpoint_AVR8.o
 .data          0x00000000        0x0 obj/Endpoint_AVR8.o
 .bss           0x00000000        0x0 obj/Endpoint_AVR8.o
 .text.Endpoint_ClearEndpoints
                0x00000000       0x28 obj/Endpoint_AVR8.o
 .text          0x00000000        0x0 obj/Host_AVR8.o
 .data          0x00000000        0x0 obj/Host_AVR8.o
 .bss           0x00000000        0x0 obj/Host_AVR8.o
 .debug_info    0x00000000       0x56 obj/Host_AVR8.o
 .debug_abbrev  0x00000000       0x26 obj/Host_AVR8.o
 .debug_aranges
                0x00000000       0x18 obj/Host_AVR8.o
 .debug_line    0x00000000       0x1a obj/Host_AVR8.o
 .debug_str     0x00000000      0x1c2 obj/Host_AVR8.o
 .comment       0x00000000       0x12 obj/Host_AVR8.o
 .text          0x00000000        0x0 obj/PipeStream_AVR8.o
 .data          0x00000000        0x0 obj/PipeStream_AVR8.o
 .bss           0x00000000        0x0 obj/PipeStream_AVR8.o
 .debug_info    0x00000000       0x56 obj/PipeStream_AVR8.o
 .debug_abbrev  0x00000000       0x26 obj/PipeStream_AVR8.o
 .debug_aranges
                0x00000000       0x18 obj/PipeStream_AVR8.o
 .debug_line    0x00000000       0x1a obj/PipeStream_AVR8.o
 .debug_str     0x00000000      0x1c8 obj/PipeStream_AVR8.o
 .comment       0x00000000       0x12 obj/PipeStream_AVR8.o
 .text          0x00000000        0x0 obj/Pipe_AVR8.o
 .data          0x00000000        0x0 obj/Pipe_AVR8.o
 .bss           0x00000000        0x0 obj/Pipe_AVR8.o
 .debug_info    0x00000000       0x56 obj/Pipe_AVR8.o
 .debug_abbrev  0x00000000       0x26 obj/Pipe_AVR8.o
 .debug_aranges
                0x00000000       0x18 obj/Pipe_AVR8.o
 .debug_line    0x00000000       0x1a obj/Pipe_AVR8.o
 .debug_str     0x00000000      0x1c2 obj/Pipe_AVR8.o
 .comment       0x00000000       0x12 obj/Pipe_AVR8.o
 .text          0x00000000        0x0 obj/USBController_AVR8.o
 .data          0x00000000        0x0 obj/USBController_AVR8.o
 .bss           0x00000000        0x0 obj/USBController_AVR8.o
 .text          0x00000000        0x0 obj/USBInterrupt_AVR8.o
 .data          0x00000000        0x0 obj/USBInterrupt_AVR8.o
 .bss           0x00000000        0x0 obj/USBInterrupt_AVR8.o
 .text          0x00000000        0x0 obj/ConfigDescriptors.o
 .data          0x00000000        0x0 obj/ConfigDescriptors.o
 .bss           0x00000000        0x0 obj/ConfigDescriptors.o
 .text.USB_GetNextDescriptor
                0x00000000       0x3c obj/ConfigDescriptors.o
 .text.USB_GetNextDescriptorOfType
                0x00000000       0x38 obj/ConfigDescriptors.o
 .text.USB_GetNextDescriptorOfTypeBefore
                0x00000000       0x46 obj/ConfigDescriptors.o
 .text.USB_GetNextDescriptorOfTypeAfter
                0x00000000       0x3e obj/ConfigDescriptors.o
 .text.USB_GetNextDescriptorComp
                0x00000000       0x66 obj/ConfigDescriptors.o
 .debug_info    0x00000000      0x3d5 obj/ConfigDescriptors.o
 .debug_abbrev  0x00000000      0x185 obj/ConfigDescriptors.o
 .debug_loc     0x00000000      0x59f obj/ConfigDescriptors.o
 .debug_aranges
                0x00000000       0x40 obj/ConfigDescriptors.o
 .debug_ranges  0x00000000       0x30 obj/ConfigDescriptors.o
 .debug_line    0x00000000      0x1ea obj/ConfigDescriptors.o
 .debug_str     0x00000000      0x40b obj/ConfigDescriptors.o
 .comment       0x00000000       0x12 obj/ConfigDescriptors.o
 .debug_frame   0x00000000       0xfc obj/ConfigDescriptors.o
 .text          0x00000000        0x0 obj/DeviceStandardReq.o
 .data          0x00000000        0x0 obj/DeviceStandardReq.o
 .bss           0x00000000        0x0 obj/DeviceStandardReq.o
 .text          0x00000000        0x0 obj/Events.o
 .data          0x00000000        0x0 obj/Events.o
 .bss           0x00000000        0x0 obj/Events.o
 .text          0x00000000        0x0 obj/HostStandardReq.o
 .data          0x00000000        0x0 obj/HostStandardReq.o
 .bss           0x00000000        0x0 obj/HostStandardReq.o
 .debug_info    0x00000000       0x56 obj/HostStandardReq.o
 .debug_abbrev  0x00000000       0x26 obj/HostStandardReq.o
 .debug_aranges
                0x00000000       0x18 obj/HostStandardReq.o
 .debug_line    0x00000000       0x1a obj/HostStandardReq.o
 .debug_str     0x00000000      0x1c3 obj/HostStandardReq.o
 .comment       0x00000000       0x12 obj/HostStandardReq.o
 .text          0x00000000        0x0 obj/USBTask.o
 .data          0x00000000        0x0 obj/USBTask.o
 .bss           0x00000000        0x0 obj/USBTask.o
 .text          0x00000000        0x0 obj/AudioClassDevice.o
 .data          0x00000000        0x0 obj/AudioClassDevice.o
 .bss           0x00000000        0x0 obj/AudioClassDevice.o
 .text.Audio_Device_ConfigureEndpoints
                0x00000000       0x32 obj/AudioClassDevice.o
 .text.Audio_Device_Event_Stub
                0x00000000        0x2 obj/AudioClassDevice.o
 .text.Audio_Device_ProcessControlRequest
                0x00000000      0x2e4 obj/AudioClassDevice.o
 .debug_info    0x00000000      0x84b obj/AudioClassDevice.o
 .debug_abbrev  0x00000000      0x1e6 obj/AudioClassDevice.o
 .debug_loc     0x00000000      0x37c obj/AudioClassDevice.o
 .debug_aranges
                0x00000000       0x30 obj/AudioClassDevice.o
 .debug_ranges  0x00000000       0x20 obj/AudioClassDevice.o
 .debug_line    0x00000000      0x454 obj/AudioClassDevice.o
 .debug_str     0x00000000      0x6df obj/AudioClassDevice.o
 .comment       0x00000000       0x12 obj/AudioClassDevice.o
 .debug_frame   0x00000000       0xa8 obj/AudioClassDevice.o
 .text          0x00000000        0x0 obj/CDCClassDevice.o
 .data          0x00000000        0x0 obj/CDCClassDevice.o
 .bss           0x00000000        0x0 obj/CDCClassDevice.o
 .text.CDC_Device_SendString
                0x00000000       0x42 obj/CDCClassDevice.o
 .text.CDC_Device_SendString_P
                0x00000000       0x52 obj/CDCClassDevice.o
 .text.CDC_Device_SendData
                0x00000000       0x34 obj/CDCClassDevice.o
 .text.CDC_Device_SendData_P
                0x00000000       0x34 obj/CDCClassDevice.o
 .text.CDC_Device_BytesReceived
                0x00000000       0x4a obj/CDCClassDevice.o
 .text.CDC_Device_getchar
                0x00000000       0x14 obj/CDCClassDevice.o
 .rodata        0x00000000        0x8 obj/CDCClassDevice.o
 .text.CDC_Device_SendControlLineStateChange
                0x00000000       0x8e obj/CDCClassDevice.o
 .text.CDC_Device_CreateStream
                0x00000000       0x26 obj/CDCClassDevice.o
 .text          0x00000000        0x0 obj/HIDClassDevice.o
 .data          0x00000000        0x0 obj/HIDClassDevice.o
 .bss           0x00000000        0x0 obj/HIDClassDevice.o
 .text.HID_Device_ProcessControlRequest
                0x00000000      0x278 obj/HIDClassDevice.o
 .text.HID_Device_ConfigureEndpoints
                0x00000000       0x28 obj/HIDClassDevice.o
 .text.HID_Device_USBTask
                0x00000000      0x17c obj/HIDClassDevice.o
 .debug_info    0x00000000      0x913 obj/HIDClassDevice.o
 .debug_abbrev  0x00000000      0x221 obj/HIDClassDevice.o
 .debug_loc     0x00000000      0x43e obj/HIDClassDevice.o
 .debug_aranges
                0x00000000       0x30 obj/HIDClassDevice.o
 .debug_ranges  0x00000000       0x20 obj/HIDClassDevice.o
 .debug_line    0x00000000      0x51d obj/HIDClassDevice.o
 .debug_str     0x00000000      0x72a obj/HIDClassDevice.o
 .comment       0x00000000       0x12 obj/HIDClassDevice.o
 .debug_frame   0x00000000       0xe4 obj/HIDClassDevice.o
 .text          0x00000000        0x0 obj/MassStorageClassDevice.o
 .data          0x00000000        0x0 obj/MassStorageClassDevice.o
 .bss           0x00000000        0x0 obj/MassStorageClassDevice.o
 .text.MS_Device_ProcessControlRequest
                0x00000000       0x86 obj/MassStorageClassDevice.o
 .text.MS_Device_ConfigureEndpoints
                0x00000000       0x3e obj/MassStorageClassDevice.o
 .text.MS_Device_USBTask
                0x00000000      0x234 obj/MassStorageClassDevice.o
 .debug_info    0x00000000      0x8fd obj/MassStorageClassDevice.o
 .debug_abbrev  0x00000000      0x26d obj/MassStorageClassDevice.o
 .debug_loc     0x00000000      0x2ac obj/MassStorageClassDevice.o
 .debug_aranges
                0x00000000       0x30 obj/MassStorageClassDevice.o
 .debug_ranges  0x00000000       0x20 obj/MassStorageClassDevice.o
 .debug_line    0x00000000      0x4c8 obj/MassStorageClassDevice.o
 .debug_str     0x00000000      0x82b obj/MassStorageClassDevice.o
 .comment       0x00000000       0x12 obj/MassStorageClassDevice.o
 .debug_frame   0x00000000       0x80 obj/MassStorageClassDevice.o
 .text          0x00000000        0x0 obj/MIDIClassDevice.o
 .data          0x00000000        0x0 obj/MIDIClassDevice.o
 .bss           0x00000000        0x0 obj/MIDIClassDevice.o
 .text.MIDI_Device_ConfigureEndpoints
                0x00000000       0x32 obj/MIDIClassDevice.o
 .text.MIDI_Device_SendEventPacket
                0x00000000       0x46 obj/MIDIClassDevice.o
 .text.MIDI_Device_Flush
                0x00000000       0x2c obj/MIDIClassDevice.o
 .text.MIDI_Device_USBTask
                0x00000000       0x22 obj/MIDIClassDevice.o
 .text.MIDI_Device_ReceiveEventPacket
                0x00000000       0x4a obj/MIDIClassDevice.o
 .debug_info    0x00000000      0x5de obj/MIDIClassDevice.o
 .debug_abbrev  0x00000000      0x219 obj/MIDIClassDevice.o
 .debug_loc     0x00000000      0x304 obj/MIDIClassDevice.o
 .debug_aranges
                0x00000000       0x40 obj/MIDIClassDevice.o
 .debug_ranges  0x00000000       0x30 obj/MIDIClassDevice.o
 .debug_line    0x00000000      0x3ae obj/MIDIClassDevice.o
 .debug_str     0x00000000      0x6a0 obj/MIDIClassDevice.o
 .comment       0x00000000       0x12 obj/MIDIClassDevice.o
 .debug_frame   0x00000000       0x70 obj/MIDIClassDevice.o
 .text          0x00000000        0x0 obj/PrinterClassDevice.o
 .data          0x00000000        0x0 obj/PrinterClassDevice.o
 .bss           0x00000000        0x0 obj/PrinterClassDevice.o
 .text.PRNT_Device_ConfigureEndpoints
                0x00000000       0x38 obj/PrinterClassDevice.o
 .text.PRNT_Device_SendString
                0x00000000       0x32 obj/PrinterClassDevice.o
 .text.PRNT_Device_SendData
                0x00000000       0x24 obj/PrinterClassDevice.o
 .text.PRNT_Device_SendByte
                0x00000000       0x40 obj/PrinterClassDevice.o
 .text.PRNT_Device_putchar
                0x00000000       0x22 obj/PrinterClassDevice.o
 .text.PRNT_Device_Flush
                0x00000000       0x46 obj/PrinterClassDevice.o
 .text.PRNT_Device_USBTask
                0x00000000       0x9c obj/PrinterClassDevice.o
 .text.PRNT_Device_BytesReceived
                0x00000000       0x3a obj/PrinterClassDevice.o
 .text.PRNT_Device_ReceiveByte
                0x00000000       0x4a obj/PrinterClassDevice.o
 .text.PRNT_Device_getchar
                0x00000000       0x14 obj/PrinterClassDevice.o
 .text.PRNT_Device_getchar_Blocking
                0x00000000       0x32 obj/PrinterClassDevice.o
 .text.PRNT_Device_CreateStream
                0x00000000       0x26 obj/PrinterClassDevice.o
 .text.PRNT_Device_CreateBlockingStream
                0x00000000       0x26 obj/PrinterClassDevice.o
 .text.PRNT_Device_Event_Stub
                0x00000000        0x2 obj/PrinterClassDevice.o
 .text.PRNT_Device_ProcessControlRequest
                0x00000000       0xdc obj/PrinterClassDevice.o
 .debug_info    0x00000000      0xcbc obj/PrinterClassDevice.o
 .debug_abbrev  0x00000000      0x317 obj/PrinterClassDevice.o
 .debug_loc     0x00000000      0x84e obj/PrinterClassDevice.o
 .debug_aranges
                0x00000000       0x90 obj/PrinterClassDevice.o
 .debug_ranges  0x00000000       0x80 obj/PrinterClassDevice.o
 .debug_line    0x00000000      0x6d4 obj/PrinterClassDevice.o
 .debug_str     0x00000000      0x96e obj/PrinterClassDevice.o
 .comment       0x00000000       0x12 obj/PrinterClassDevice.o
 .debug_frame   0x00000000      0x13c obj/PrinterClassDevice.o
 .text          0x00000000        0x0 obj/RNDISClassDevice.o
 .data          0x00000000        0x0 obj/RNDISClassDevice.o
 .bss           0x00000000        0x0 obj/RNDISClassDevice.o
 .text.RNDIS_Device_ProcessControlRequest
                0x00000000      0x506 obj/RNDISClassDevice.o
 .text.RNDIS_Device_ConfigureEndpoints
                0x00000000       0x64 obj/RNDISClassDevice.o
 .rodata        0x00000000        0x8 obj/RNDISClassDevice.o
 .text.RNDIS_Device_USBTask
                0x00000000       0x80 obj/RNDISClassDevice.o
 .text.RNDIS_Device_IsPacketReceived
                0x00000000       0x28 obj/RNDISClassDevice.o
 .text.RNDIS_Device_ReadPacket
                0x00000000       0xb6 obj/RNDISClassDevice.o
 .text.RNDIS_Device_SendPacket
                0x00000000       0xd4 obj/RNDISClassDevice.o
 .progmem.data  0x00000000       0x6c obj/RNDISClassDevice.o
 .debug_info    0x00000000     0x10dc obj/RNDISClassDevice.o
 .debug_abbrev  0x00000000      0x353 obj/RNDISClassDevice.o
 .debug_loc     0x00000000      0xdde obj/RNDISClassDevice.o
 .debug_aranges
                0x00000000       0x48 obj/RNDISClassDevice.o
 .debug_ranges  0x00000000       0x88 obj/RNDISClassDevice.o
 .debug_line    0x00000000      0x6c0 obj/RNDISClassDevice.o
 .debug_str     0x00000000      0xd9a obj/RNDISClassDevice.o
 .comment       0x00000000       0x12 obj/RNDISClassDevice.o
 .debug_frame   0x00000000      0x10c obj/RNDISClassDevice.o
 .text          0x00000000        0x0 obj/AndroidAccessoryClassHost.o
 .data          0x00000000        0x0 obj/AndroidAccessoryClassHost.o
 .bss           0x00000000        0x0 obj/AndroidAccessoryClassHost.o
 .debug_info    0x00000000       0x56 obj/AndroidAccessoryClassHost.o
 .debug_abbrev  0x00000000       0x26 obj/AndroidAccessoryClassHost.o
 .debug_aranges
                0x00000000       0x18 obj/AndroidAccessoryClassHost.o
 .debug_line    0x00000000       0x1a obj/AndroidAccessoryClassHost.o
 .debug_str     0x00000000      0x1d3 obj/AndroidAccessoryClassHost.o
 .comment       0x00000000       0x12 obj/AndroidAccessoryClassHost.o
 .text          0x00000000        0x0 obj/AudioClassHost.o
 .data          0x00000000        0x0 obj/AudioClassHost.o
 .bss           0x00000000        0x0 obj/AudioClassHost.o
 .debug_info    0x00000000       0x56 obj/AudioClassHost.o
 .debug_abbrev  0x00000000       0x26 obj/AudioClassHost.o
 .debug_aranges
                0x00000000       0x18 obj/AudioClassHost.o
 .debug_line    0x00000000       0x1a obj/AudioClassHost.o
 .debug_str     0x00000000      0x1c8 obj/AudioClassHost.o
 .comment       0x00000000       0x12 obj/AudioClassHost.o
 .text          0x00000000        0x0 obj/CDCClassHost.o
 .data          0x00000000        0x0 obj/CDCClassHost.o
 .bss           0x00000000        0x0 obj/CDCClassHost.o
 .debug_info    0x00000000       0x56 obj/CDCClassHost.o
 .debug_abbrev  0x00000000       0x26 obj/CDCClassHost.o
 .debug_aranges
                0x00000000       0x18 obj/CDCClassHost.o
 .debug_line    0x00000000       0x1a obj/CDCClassHost.o
 .debug_str     0x00000000      0x1c6 obj/CDCClassHost.o
 .comment       0x00000000       0x12 obj/CDCClassHost.o
 .text          0x00000000        0x0 obj/HIDClassHost.o
 .data          0x00000000        0x0 obj/HIDClassHost.o
 .bss           0x00000000        0x0 obj/HIDClassHost.o
 .debug_info    0x00000000       0x56 obj/HIDClassHost.o
 .debug_abbrev  0x00000000       0x26 obj/HIDClassHost.o
 .debug_aranges
                0x00000000       0x18 obj/HIDClassHost.o
 .debug_line    0x00000000       0x1a obj/HIDClassHost.o
 .debug_str     0x00000000      0x1c6 obj/HIDClassHost.o
 .comment       0x00000000       0x12 obj/HIDClassHost.o
 .text          0x00000000        0x0 obj/MassStorageClassHost.o
 .data          0x00000000        0x0 obj/MassStorageClassHost.o
 .bss           0x00000000        0x0 obj/MassStorageClassHost.o
 .debug_info    0x00000000       0x56 obj/MassStorageClassHost.o
 .debug_abbrev  0x00000000       0x26 obj/MassStorageClassHost.o
 .debug_aranges
                0x00000000       0x18 obj/MassStorageClassHost.o
 .debug_line    0x00000000       0x1a obj/MassStorageClassHost.o
 .debug_str     0x00000000      0x1ce obj/MassStorageClassHost.o
 .comment       0x00000000       0x12 obj/MassStorageClassHost.o
 .text          0x00000000        0x0 obj/MIDIClassHost.o
 .data          0x00000000        0x0 obj/MIDIClassHost.o
 .bss           0x00000000        0x0 obj/MIDIClassHost.o
 .debug_info    0x00000000       0x56 obj/MIDIClassHost.o
 .debug_abbrev  0x00000000       0x26 obj/MIDIClassHost.o
 .debug_aranges
                0x00000000       0x18 obj/MIDIClassHost.o
 .debug_line    0x00000000       0x1a obj/MIDIClassHost.o
 .debug_str     0x00000000      0x1c7 obj/MIDIClassHost.o
 .comment       0x00000000       0x12 obj/MIDIClassHost.o
 .text          0x00000000        0x0 obj/PrinterClassHost.o
 .data          0x00000000        0x0 obj/PrinterClassHost.o
 .bss           0x00000000        0x0 obj/PrinterClassHost.o
 .debug_info    0x00000000       0x56 obj/PrinterClassHost.o
 .debug_abbrev  0x00000000       0x26 obj/PrinterClassHost.o
 .debug_aranges
                0x00000000       0x18 obj/PrinterClassHost.o
 .debug_line    0x00000000       0x1a obj/PrinterClassHost.o
 .debug_str     0x00000000      0x1ca obj/PrinterClassHost.o
 .comment       0x00000000       0x12 obj/PrinterClassHost.o
 .text          0x00000000        0x0 obj/RNDISClassHost.o
 .data          0x00000000        0x0 obj/RNDISClassHost.o
 .bss           0x00000000        0x0 obj/RNDISClassHost.o
 .debug_info    0x00000000       0x56 obj/RNDISClassHost.o
 .debug_abbrev  0x00000000       0x26 obj/RNDISClassHost.o
 .debug_aranges
                0x00000000       0x18 obj/RNDISClassHost.o
 .debug_line    0x00000000       0x1a obj/RNDISClassHost.o
 .debug_str     0x00000000      0x1c8 obj/RNDISClassHost.o
 .comment       0x00000000       0x12 obj/RNDISClassHost.o
 .text          0x00000000        0x0 obj/StillImageClassHost.o
 .data          0x00000000        0x0 obj/StillImageClassHost.o
 .bss           0x00000000        0x0 obj/StillImageClassHost.o
 .debug_info    0x00000000       0x56 obj/StillImageClassHost.o
 .debug_abbrev  0x00000000       0x26 obj/StillImageClassHost.o
 .debug_aranges
                0x00000000       0x18 obj/StillImageClassHost.o
 .debug_line    0x00000000       0x1a obj/StillImageClassHost.o
 .debug_str     0x00000000      0x1cd obj/StillImageClassHost.o
 .comment       0x00000000       0x12 obj/StillImageClassHost.o
 .text          0x00000000        0x0 /usr/lib/gcc/avr/5.4.0/avr35/libgcc.a(_mulhi3.o)
 .data          0x00000000        0x0 /usr/lib/gcc/avr/5.4.0/avr35/libgcc.a(_mulhi3.o)
 .bss           0x00000000        0x0 /usr/lib/gcc/avr/5.4.0/avr35/libgcc.a(_mulhi3.o)
 .text.libgcc.mul
                0x00000000       0x22 /usr/lib/gcc/avr/5.4.0/avr35/libgcc.a(_mulhi3.o)
 .text.libgcc.div
                0x00000000        0x0 /usr/lib/gcc/avr/5.4.0/avr35/libgcc.a(_mulhi3.o)
 .text.libgcc   0x00000000        0x0 /usr/lib/gcc/avr/5.4.0/avr35/libgcc.a(_mulhi3.o)
 .text.libgcc.prologue
                0x00000000        0x0 /usr/lib/gcc/avr/5.4.0/avr35/libgcc.a(_mulhi3.o)
 .text.libgcc.builtins
                0x00000000        0x0 /usr/lib/gcc/avr/5.4.0/avr35/libgcc.a(_mulhi3.o)
 .text.libgcc.fmul
                0x00000000        0x0 /usr/lib/gcc/avr/5.4.0/avr35/libgcc.a(_mulhi3.o)
 .text.libgcc.fixed
                0x00000000        0x0 /usr/lib/gcc/avr/5.4.0/avr35/libgcc.a(_mulhi3.o)
 .text          0x00000000        0x0 /usr/lib/gcc/avr/5.4.0/avr35/libgcc.a(_exit.o)
 .data          0x00000000        0x0 /usr/lib/gcc/avr/5.4.0/avr35/libgcc.a(_exit.o)
 .bss           0x00000000        0x0 /usr/lib/gcc/avr/5.4.0/avr35/libgcc.a(_exit.o)
 .text.libgcc.mul
                0x00000000        0x0 /usr/lib/gcc/avr/5.4.0/avr35/libgcc.a(_exit.o)
 .text.libgcc.div
                0x00000000        0x0 /usr/lib/gcc/avr/5.4.0/avr35/libgcc.a(_exit.o)
 .text.libgcc   0x00000000        0x0 /usr/lib/gcc/avr/5.4.0/avr35/libgcc.a(_exit.o)
 .text.libgcc.prologue
                0x00000000        0x0 /usr/lib/gcc/avr/5.4.0/avr35/libgcc.a(_exit.o)
 .text.libgcc.builtins
                0x00000000        0x0 /usr/lib/gcc/avr/5.4.0/avr35/libgcc.a(_exit.o)
 .text.libgcc.fmul
                0x00000000        0x0 /usr/lib/gcc/avr/5.4.0/avr35/libgcc.a(_exit.o)
 .text.libgcc.fixed
                0x00000000        0x0 /usr/lib/gcc/avr/5.4.0/avr35/libgcc.a(_exit.o)
 .text          0x00000000        0x0 /usr/lib/gcc/avr/5.4.0/avr35/libgcc.a(_copy_data.o)
 .data          0x00000000        0x0 /usr/lib/gcc/avr/5.4.0/avr35/libgcc.a(_copy_data.o)
 .bss           0x00000000        0x0 /usr/lib/gcc/avr/5.4.0/avr35/libgcc.a(_copy_data.o)
 .text.libgcc.mul
                0x00000000        0x0 /usr/lib/gcc/avr/5.4.0/avr35/libgcc.a(_copy_data.o)
 .text.libgcc.div
                0x00000000        0x0 /usr/lib/gcc/avr/5.4.0/avr35/libgcc.a(_copy_data.o)
 .text.libgcc   0x00000000        0x0 /usr/lib/gcc/avr/5.4.0/avr35/libgcc.a(_copy_data.o)
 .text.libgcc.prologue
                0x00000000        0x0 /usr/lib/gcc/avr/5.4.0/avr35/libgcc.a(_copy_data.o)
 .text.libgcc.builtins
                0x00000000        0x0 /usr/lib/gcc/avr/5.4.0/avr35/libgcc.a(_copy_data.o)
 .text.libgcc.fmul
                0x00000000        0x0 /usr/lib/gcc/avr/5.4.0/avr35/libgcc.a(_copy_data.o)
 .text.libgcc.fixed
                0x00000000        0x0 /usr/lib/gcc/avr/5.4.0/avr35/libgcc.a(_copy_data.o)
 .text          0x00000000        0x0 /usr/lib/gcc/avr/5.4.0/avr35/libgcc.a(_clear_bss.o)
 .data          0x00000000        0x0 /usr/lib/gcc/avr/5.4.0/avr35/libgcc.a(_clear_bss.o)
 .bss           0x00000000        0x0 /usr/lib/gcc/avr/5.4.0/avr35/libgcc.a(_clear_bss.o)
 .text.libgcc.mul
                0x00000000        0x0 /usr/lib/gcc/avr/5.4.0/avr35/libgcc.a(_clear_bss.o)
 .text.libgcc.div
                0x00000000        0x0 /usr/lib/gcc/avr/5.4.0/avr35/libgcc.a(_clear_bss.o)
 .text.libgcc   0x00000000        0x0 /usr/lib/gcc/avr/5.4.0/avr35/libgcc.a(_clear_bss.o)
 .text.libgcc.prologue
                0x00000000        0x0 /usr/lib/gcc/avr/5.4.0/avr35/libgcc.a(_clear_bss.o)
 .text.libgcc.builtins
                0x00000000        0x0 /usr/lib/gcc/avr/5.4.0/avr35/libgcc.a(_clear_bss.o)
 .text.libgcc.fmul
                0x00000000        0x0 /usr/lib/gcc/avr/5.4.0/avr35/libgcc.a(_clear_bss.o)
 .text.libgcc.fixed
                0x00000000        0x0 /usr/lib/gcc/avr/5.4.0/avr35/libgcc.a(_clear_bss.o)
 .text          0x00000000        0x0 /usr/lib/gcc/avr/5.4.0/../../../avr/lib/avr35/libc.a(memcpy_P.o)
 .data          0x00000000        0x0 /usr/lib/gcc/avr/5.4.0/../../../avr/lib/avr35/libc.a(memcpy_P.o)
 .bss           0x00000000        0x0 /usr/lib/gcc/avr/5.4.0/../../../avr/lib/avr35/libc.a(memcpy_P.o)
 .text.avr-libc
                0x00000000       0x12 /usr/lib/gcc/avr/5.4.0/../../../avr/lib/avr35/libc.a(memcpy_P.o)
 .text          0x00000000        0x0 /usr/lib/gcc/avr/5.4.0/../../../avr/lib/avr35/libc.a(strlen_P.o)
 .data          0x00000000        0x0 /usr/lib/gcc/avr/5.4.0/../../../avr/lib/avr35/libc.a(strlen_P.o)
 .bss           0x00000000        0x0 /usr/lib/gcc/avr/5.4.0/../../../avr/lib/avr35/libc.a(strlen_P.o)
 .text.avr-libc
                0x00000000       0x12 /usr/lib/gcc/avr/5.4.0/../../../avr/lib/avr35/libc.a(strlen_P.o)
 .text          0x00000000        0x0 /usr/lib/gcc/avr/5.4.0/../../../avr/lib/avr35/libc.a(memcmp.o)
 .data          0x00000000        0x0 /usr/lib/gcc/avr/5.4.0/../../../avr/lib/avr35/libc.a(memcmp.o)
 .bss           0x00000000        0x0 /usr/lib/gcc/avr/5.4.0/../../../avr/lib/avr35/libc.a(memcmp.o)
 .text.avr-libc
                0x00000000       0x1a /usr/lib/gcc/avr/5.4.0/../../../avr/lib/avr35/libc.a(memcmp.o)
 .text          0x00000000        0x0 /usr/lib/gcc/avr/5.4.0/../../../avr/lib/avr35/libc.a(memcpy.o)
 .data          0x00000000        0x0 /usr/lib/gcc/avr/5.4.0/../../../avr/lib/avr35/libc.a(memcpy.o)
 .bss           0x00000000        0x0 /usr/lib/gcc/avr/5.4.0/../../../avr/lib/avr35/libc.a(memcpy.o)
 .text.avr-libc
                0x00000000       0x12 /usr/lib/gcc/avr/5.4.0/../../../avr/lib/avr35/libc.a(memcpy.o)
 .text          0x00000000        0x0 /usr/lib/gcc/avr/5.4.0/../../../avr/lib/avr35/libc.a(memset.o)
 .data          0x00000000        0x0 /usr/lib/gcc/avr/5.4.0/../../../avr/lib/avr35/libc.a(memset.o)
 .bss           0x00000000        0x0 /usr/lib/gcc/avr/5.4.0/../../../avr/lib/avr35/libc.a(memset.o)
 .text.avr-libc
                0x00000000        0xe /usr/lib/gcc/avr/5.4.0/../../../avr/lib/avr35/libc.a(memset.o)
 .text          0x00000000        0x0 /usr/lib/gcc/avr/5.4.0/../../../avr/lib/avr35/libc.a(strncmp.o)
 .data          0x00000000        0x0 /usr/lib/gcc/avr/5.4.0/../../../avr/lib/avr35/libc.a(strncmp.o)
 .bss           0x00000000        0x0 /usr/lib/gcc/avr/5.4.0/../../../avr/lib/avr35/libc.a(strncmp.o)
 .text          0x00000000        0x0 /usr/lib/gcc/avr/5.4.0/../../../avr/lib/avr35/libc.a(fgets.o)
 .data          0x00000000        0x0 /usr/lib/gcc/avr/5.4.0/../../../avr/lib/avr35/libc.a(fgets.o)
 .bss           0x00000000        0x0 /usr/lib/gcc/avr/5.4.0/../../../avr/lib/avr35/libc.a(fgets.o)
 .text          0x00000000        0x0 /usr/lib/gcc/avr/5.4.0/../../../avr/lib/avr35/libc.a(iob.o)
 .data          0x00000000        0x0 /usr/lib/gcc/avr/5.4.0/../../../avr/lib/avr35/libc.a(iob.o)
 .bss           0x00000000        0x0 /usr/lib/gcc/avr/5.4.0/../../../avr/lib/avr35/libc.a(iob.o)
 .text          0x00000000        0x0 /usr/lib/gcc/avr/5.4.0/../../../avr/lib/avr35/libc.a(printf.o)
 .data          0x00000000        0x0 /usr/lib/gcc/avr/5.4.0/../../../avr/lib/avr35/libc.a(printf.o)
 .bss           0x00000000        0x0 /usr/lib/gcc/avr/5.4.0/../../../avr/lib/avr35/libc.a(printf.o)
 .text          0x00000000        0x0 /usr/lib/gcc/avr/5.4.0/../../../avr/lib/avr35/libc.a(puts.o)
 .data          0x00000000        0x0 /usr/lib/gcc/avr/5.4.0/../../../avr/lib/avr35/libc.a(puts.o)
 .bss           0x00000000        0x0 /usr/lib/gcc/avr/5.4.0/../../../avr/lib/avr35/libc.a(puts.o)
 .text          0x00000000        0x0 /usr/lib/gcc/avr/5.4.0/../../../avr/lib/avr35/libc.a(sscanf.o)
 .data          0x00000000        0x0 /usr/lib/gcc/avr/5.4.0/../../../avr/lib/avr35/libc.a(sscanf.o)
 .bss           0x00000000        0x0 /usr/lib/gcc/avr/5.4.0/../../../avr/lib/avr35/libc.a(sscanf.o)
 .text          0x00000000        0x0 /usr/lib/gcc/avr/5.4.0/../../../avr/lib/avr35/libc.a(vfprintf_std.o)
 .data          0x00000000        0x0 /usr/lib/gcc/avr/5.4.0/../../../avr/lib/avr35/libc.a(vfprintf_std.o)
 .bss           0x00000000        0x0 /usr/lib/gcc/avr/5.4.0/../../../avr/lib/avr35/libc.a(vfprintf_std.o)
 .text          0x00000000        0x0 /usr/lib/gcc/avr/5.4.0/../../../avr/lib/avr35/libc.a(vfscanf_std.o)
 .data          0x00000000        0x0 /usr/lib/gcc/avr/5.4.0/../../../avr/lib/avr35/libc.a(vfscanf_std.o)
 .bss           0x00000000        0x0 /usr/lib/gcc/avr/5.4.0/../../../avr/lib/avr35/libc.a(vfscanf_std.o)
 .text          0x00000000        0x0 /usr/lib/gcc/avr/5.4.0/../../../avr/lib/avr35/libc.a(isspace.o)
 .data          0x00000000        0x0 /usr/lib/gcc/avr/5.4.0/../../../avr/lib/avr35/libc.a(isspace.o)
 .bss           0x00000000        0x0 /usr/lib/gcc/avr/5.4.0/../../../avr/lib/avr35/libc.a(isspace.o)
 .text          0x00000000        0x0 /usr/lib/gcc/avr/5.4.0/../../../avr/lib/avr35/libc.a(strchr_P.o)
 .data          0x00000000        0x0 /usr/lib/gcc/avr/5.4.0/../../../avr/lib/avr35/libc.a(strchr_P.o)
 .bss           0x00000000        0x0 /usr/lib/gcc/avr/5.4.0/../../../avr/lib/avr35/libc.a(strchr_P.o)
 .text          0x00000000        0x0 /usr/lib/gcc/avr/5.4.0/../../../avr/lib/avr35/libc.a(strnlen_P.o)
 .data          0x00000000        0x0 /usr/lib/gcc/avr/5.4.0/../../../avr/lib/avr35/libc.a(strnlen_P.o)
 .bss           0x00000000        0x0 /usr/lib/gcc/avr/5.4.0/../../../avr/lib/avr35/libc.a(strnlen_P.o)
 .text          0x00000000        0x0 /usr/lib/gcc/avr/5.4.0/../../../avr/lib/avr35/libc.a(strnlen.o)
 .data          0x00000000        0x0 /usr/lib/gcc/avr/5.4.0/../../../avr/lib/avr35/libc.a(strnlen.o)
 .bss           0x00000000        0x0 /usr/lib/gcc/avr/5.4.0/../../../avr/lib/avr35/libc.a(strnlen.o)
 .text          0x00000000        0x0 /usr/lib/gcc/avr/5.4.0/../../../avr/lib/avr35/libc.a(fgetc.o)
 .data          0x00000000        0x0 /usr/lib/gcc/avr/5.4.0/../../../avr/lib/avr35/libc.a(fgetc.o)
 .bss           0x00000000        0x0 /usr/lib/gcc/avr/5.4.0/../../../avr/lib/avr35/libc.a(fgetc.o)
 .text          0x00000000        0x0 /usr/lib/gcc/avr/5.4.0/../../../avr/lib/avr35/libc.a(fputc.o)
 .data          0x00000000        0x0 /usr/lib/gcc/avr/5.4.0/../../../avr/lib/avr35/libc.a(fputc.o)
 .bss           0x00000000        0x0 /usr/lib/gcc/avr/5.4.0/../../../avr/lib/avr35/libc.a(fputc.o)
 .text          0x00000000        0x0 /usr/lib/gcc/avr/5.4.0/../../../avr/lib/avr35/libc.a(ungetc.o)
 .data          0x00000000        0x0 /usr/lib/gcc/avr/5.4.0/../../../avr/lib/avr35/libc.a(ungetc.o)
 .bss           0x00000000        0x0 /usr/lib/gcc/avr/5.4.0/../../../avr/lib/avr35/libc.a(ungetc.o)
 .text          0x00000000        0x0 /usr/lib/gcc/avr/5.4.0/../../../avr/lib/avr35/libc.a(ultoa_invert.o)
 .data          0x00000000        0x0 /usr/lib/gcc/avr/5.4.0/../../../avr/lib/avr35/libc.a(ultoa_invert.o)
 .bss           0x00000000        0x0 /usr/lib/gcc/avr/5.4.0/../../../avr/lib/avr35/libc.a(ultoa_invert.o)
 .text          0x00000000        0x0 /usr/lib/gcc/avr/5.4.0/../../../avr/lib/avr35/libc.a(cty_isfalse.o)
 .data          0x00000000        0x0 /usr/lib/gcc/avr/5.4.0/../../../avr/lib/avr35/libc.a(cty_isfalse.o)
 .bss           0x00000000        0x0 /usr/lib/gcc/avr/5.4.0/../../../avr/lib/avr35/libc.a(cty_isfalse.o)
 .text          0x00000000        0x0 /usr/lib/gcc/avr/5.4.0/../../../avr/lib/avr35/libat90usb162.a(eerd_byte.o)
 .data          0x00000000        0x0 /usr/lib/gcc/avr/5.4.0/../../../avr/lib/avr35/libat90usb162.a(eerd_byte.o)
 .bss           0x00000000        0x0 /usr/lib/gcc/avr/5.4.0/../../../avr/lib/avr35/libat90usb162.a(eerd_byte.o)
 .text.avr-libc
                0x00000000       0x10 /usr/lib/gcc/avr/5.4.0/../../../avr/lib/avr35/libat90usb162.a(eerd_byte.o)
 .text          0x00000000        0x0 /usr/lib/gcc/avr/5.4.0/../../../avr/lib/avr35/libat90usb162.a(eeupd_byte.o)
 .data          0x00000000        0x0 /usr/lib/gcc/avr/5.4.0/../../../avr/lib/avr35/libat90usb162.a(eeupd_byte.o)
 .bss           0x00000000        0x0 /usr/lib/gcc/avr/5.4.0/../../../avr/lib/avr35/libat90usb162.a(eeupd_byte.o)
 .text.avr-libc
                0x00000000       0x24 /usr/lib/gcc/avr/5.4.0/../../../avr/lib/avr35/libat90usb162.a(eeupd_byte.o)
 .text          0x00000000        0x0 /usr/lib/gcc/avr/5.4.0/avr35/libgcc.a(_mulqi3.o)
 .data          0x00000000        0x0 /usr/lib/gcc/avr/5.4.0/avr35/libgcc.a(_mulqi3.o)
 .bss           0x00000000        0x0 /usr/lib/gcc/avr/5.4.0/avr35/libgcc.a(_mulqi3.o)
 .text.libgcc.div
                0x00000000        0x0 /usr/lib/gcc/avr/5.4.0/avr35/libgcc.a(_mulqi3.o)
 .text.libgcc   0x00000000        0x0 /usr/lib/gcc/avr/5.4.0/avr35/libgcc.a(_mulqi3.o)
 .text.libgcc.prologue
                0x00000000        0x0 /usr/lib/gcc/avr/5.4.0/avr35/libgcc.a(_mulqi3.o)
 .text.libgcc.builtins
                0x00000000        0x0 /usr/lib/gcc/avr/5.4.0/avr35/libgcc.a(_mulqi3.o)
 .text.libgcc.fmul
                0x00000000        0x0 /usr/lib/gcc/avr/5.4.0/avr35/libgcc.a(_mulqi3.o)
 .text.libgcc.fixed
                0x00000000        0x0 /usr/lib/gcc/avr/5.4.0/avr35/libgcc.a(_mulqi3.o)
 .text          0x00000000        0x0 /usr/lib/gcc/avr/5.4.0/avr35/libgcc.a(_prologue.o)
 .data          0x00000000        0x0 /usr/lib/gcc/avr/5.4.0/avr35/libgcc.a(_prologue.o)
 .bss           0x00000000        0x0 /usr/lib/gcc/avr/5.4.0/avr35/libgcc.a(_prologue.o)
 .text.libgcc.mul
                0x00000000        0x0 /usr/lib/gcc/avr/5.4.0/avr35/libgcc.a(_prologue.o)
 .text.libgcc.div
                0x00000000        0x0 /usr/lib/gcc/avr/5.4.0/avr35/libgcc.a(_prologue.o)
 .text.libgcc   0x00000000        0x0 /usr/lib/gcc/avr/5.4.0/avr35/libgcc.a(_prologue.o)
 .text.libgcc.builtins
                0x00000000        0x0 /usr/lib/gcc/avr/5.4.0/avr35/libgcc.a(_prologue.o)
 .text.libgcc.fmul
                0x00000000        0x0 /usr/lib/gcc/avr/5.4.0/avr35/libgcc.a(_prologue.o)
 .text.libgcc.fixed
                0x00000000        0x0 /usr/lib/gcc/avr/5.4.0/avr35/libgcc.a(_prologue.o)
 .text          0x00000000        0x0 /usr/lib/gcc/avr/5.4.0/avr35/libgcc.a(_epilogue.o)
 .data          0x00000000        0x0 /usr/lib/gcc/avr/5.4.0/avr35/libgcc.a(_epilogue.o)
 .bss           0x00000000        0x0 /usr/lib/gcc/avr/5.4.0/avr35/libgcc.a(_epilogue.o)
 .text.libgcc.mul
                0x00000000        0x0 /usr/lib/gcc/avr/5.4.0/avr35/libgcc.a(_epilogue.o)
 .text.libgcc.div
                0x00000000        0x0 /usr/lib/gcc/avr/5.4.0/avr35/libgcc.a(_epilogue.o)
 .text.libgcc   0x00000000        0x0 /usr/lib/gcc/avr/5.4.0/avr35/libgcc.a(_epilogue.o)
 .text.libgcc.builtins
                0x00000000        0x0 /usr/lib/gcc/avr/5.4.0/avr35/libgcc.a(_epilogue.o)
 .text.libgcc.fmul
                0x00000000        0x0 /usr/lib/gcc/avr/5.4.0/avr35/libgcc.a(_epilogue.o)
 .text.libgcc.fixed
                0x00000000        0x0 /usr/lib/gcc/avr/5.4.0/avr35/libgcc.a(_epilogue.o)

Memory Configuration

Name             Origin             Length             Attributes
text             0x00000000         0x00010000         xr
data             0x00800060         0x0000ffa0         rw !x
eeprom           0x00810000         0x00010000         rw !x
fuse             0x00820000         0x00000003         rw !x
lock             0x00830000         0x00000400         rw !x
signature        0x00840000         0x00000400         rw !x
user_signatures  0x00850000         0x00000400         rw !x
*default*        0x00000000         0xffffffff

Linker script and memory map

Address of section .data set to 0x800100
LOAD /usr/lib/gcc/avr/5.4.0/../../../avr/lib/avr35/crtat90usb162.o
LOAD obj/gpio.o
LOAD obj/Descriptors.o
LOAD obj/HIDParser.o
LOAD obj/Device_AVR8.o
LOAD obj/EndpointStream_AVR8.o
LOAD obj/Endpoint_AVR8.o
LOAD obj/Host_AVR8.o
LOAD obj/PipeStream_AVR8.o
LOAD obj/Pipe_AVR8.o
LOAD obj/USBController_AVR8.o
LOAD obj/USBInterrupt_AVR8.o
LOAD obj/ConfigDescriptors.o
LOAD obj/DeviceStandardReq.o
LOAD obj/Events.o
LOAD obj/HostStandardReq.o
LOAD obj/USBTask.o
LOAD obj/AudioClassDevice.o
LOAD obj/CDCClassDevice.o
LOAD obj/HIDClassDevice.o
LOAD obj/MassStorageClassDevice.o
LOAD obj/MIDIClassDevice.o
LOAD obj/PrinterClassDevice.o
LOAD obj/RNDISClassDevice.o
LOAD obj/AndroidAccessoryClassHost.o
LOAD obj/AudioClassHost.o
LOAD obj/CDCClassHost.o
LOAD obj/HIDClassHost.o
LOAD obj/MassStorageClassHost.o
LOAD obj/MIDIClassHost.o
LOAD obj/PrinterClassHost.o
LOAD obj/RNDISClassHost.o
LOAD obj/StillImageClassHost.o
LOAD /usr/lib/gcc/avr/5.4.0/../../../avr/lib/avr35/libm.a
START GROUP
LOAD /usr/lib/gcc/avr/5.4.0/avr35/libgcc.a
LOAD /usr/lib/gcc/avr/5.4.0/../../../avr/lib/avr35/libm.a
LOAD /usr/lib/gcc/avr/5.4.0/../../../avr/lib/avr35/libc.a
LOAD /usr/lib/gcc/avr/5.4.0/../../../avr/lib/avr35/libat90usb162.a
END GROUP
                0x00010000                __TEXT_REGION_LENGTH__ = DEFINED (__TEXT_REGION_LENGTH__)?__TEXT_REGION_LENGTH__:0x10000
                0x0000ffa0                __DATA_REGION_LENGTH__ = DEFINED (__DATA_REGION_LENGTH__)?__DATA_REGION_LENGTH__:0xffa0
                0x00010000                __EEPROM_REGION_LENGTH__ = DEFINED (__EEPROM_REGION_LENGTH__)?__EEPROM_REGION_LENGTH__:0x10000
                [0x00000003]                __FUSE_REGION_LENGTH__ = DEFINED (__FUSE_REGION_LENGTH__)?__FUSE_REGION_LENGTH__:0x400
                0x00000400                __LOCK_REGION_LENGTH__ = DEFINED (__LOCK_REGION_LENGTH__)?__LOCK_REGION_LENGTH__:0x400
                0x00000400                __SIGNATURE_REGION_LENGTH__ = DEFINED (__SIGNATURE_REGION_LENGTH__)?__SIGNATURE_REGION_LENGTH__:0x400
                0x00000400                __USER_SIGNATURE_REGION_LENGTH__ = DEFINED (__USER_SIGNATURE_REGION_LENGTH__)?__USER_SIGNATURE_REGION_LENGTH__:0x400

.hash
 *(.hash)

.dynsym
 *(.dynsym)

.dynstr
 *(.dynstr)

.gnu.version
 *(.gnu.version)

.gnu.version_d
 *(.gnu.version_d)

.gnu.version_r
 *(.gnu.version_r)

.rel.init
 *(.rel.init)

.rela.init
 *(.rela.init)

.rel.text
 *(.rel.text)
 *(.rel.text.*)
 *(.rel.gnu.linkonce.t*)

.rela.text
 *(.rela.text)
 *(.rela.text.*)
 *(.rela.gnu.linkonce.t*)

.rel.fini
 *(.rel.fini)

.rela.fini
 *(.rela.fini)

.rel.rodata
 *(.rel.rodata)
 *(.rel.rodata.*)
 *(.rel.gnu.linkonce.r*)

.rela.rodata
 *(.rela.rodata)
 *(.rela.rodata.*)
 *(.rela.gnu.linkonce.r*)

.rel.data
 *(.rel.data)
 *(.rel.data.*)
 *(.rel.gnu.linkonce.d*)

.rela.data
 *(.rela.data)
 *(.rela.data.*)
 *(.rela.gnu.linkonce.d*)

.rel.ctors
 *(.rel.ctors)

.rela.ctors
 *(.rela.ctors)

.rel.dtors
 *(.rel.dtors)

.rela.dtors
 *(.rela.dtors)

.rel.got
 *(.rel.got)

.rela.got
 *(.rela.got)

.rel.bss
 *(.rel.bss)

.rela.bss
 *(.rela.bss)

.rel.plt
 *(.rel.plt)

.rela.plt
 *(.rela.plt)

.text           0x00000000     0x1c38
 *(.vectors)
 .vectors       0x00000000       0x74 /usr/lib/gcc/avr/5.4.0/../../../avr/lib/avr35/crtat90usb162.o
                0x00000000                __vectors
                0x00000000                __vector_default
 *(.vectors)
 *(.progmem.gcc*)
                0x00000074                . = ALIGN (0x2)
                0x00000074                __trampolines_start = .
 *(.trampolines)
 .trampolines   0x00000074        0x0 linker stubs
 *(.trampolines*)
                0x00000074                __trampolines_end = .
 *libprintf_flt.a:*(.progmem.data)
 *libc.a:*(.progmem.data)
 .progmem.data  0x00000074        0xc /usr/lib/gcc/avr/5.4.0/../../../avr/lib/avr35/libc.a(vfscanf_std.o)
 *(.progmem*)
 .progmem.data  0x00000080       0x8c obj/Descriptors.o
                0x00000080                ProductString
                0x0000009e                ManufacturerString
                0x000000b8                LanguageString
                0x000000bc                ConfigurationDescriptor
                0x000000fa                DeviceDescriptor
                0x0000010c                . = ALIGN (0x2)
 *(.jumptables)
 *(.jumptables*)
 *(.lowtext)
 *(.lowtext*)
                0x0000010c                __ctors_start = .
 *(.ctors)
                0x0000010c                __ctors_end = .
                0x0000010c                __dtors_start = .
 *(.dtors)
                0x0000010c                __dtors_end = .
 SORT(*)(.ctors)
 SORT(*)(.dtors)
 *(.init0)
 .init0         0x0000010c        0x0 /usr/lib/gcc/avr/5.4.0/../../../avr/lib/avr35/crtat90usb162.o
                0x0000010c                __init
 *(.init0)
 *(.init1)
 *(.init1)
 *(.init2)
 .init2         0x0000010c        0xc /usr/lib/gcc/avr/5.4.0/../../../avr/lib/avr35/crtat90usb162.o
 *(.init2)
 *(.init3)
 .init3         0x00000118       0x22 obj/gpio.o
                0x00000118                Bootloader_Jump_Check
 *(.init3)
 *(.init4)
 .init4         0x0000013a       0x16 /usr/lib/gcc/avr/5.4.0/avr35/libgcc.a(_copy_data.o)
                0x0000013a                __do_copy_data
 .init4         0x00000150       0x10 /usr/lib/gcc/avr/5.4.0/avr35/libgcc.a(_clear_bss.o)
                0x00000150                __do_clear_bss
 *(.init4)
 *(.init5)
 *(.init5)
 *(.init6)
 *(.init6)
 *(.init7)
 *(.init7)
 *(.init8)
 *(.init8)
 *(.init9)
 .init9         0x00000160        0x6 /usr/lib/gcc/avr/5.4.0/../../../avr/lib/avr35/crtat90usb162.o
 *(.init9)
 *(.text)
 .text          0x00000166        0x2 /usr/lib/gcc/avr/5.4.0/../../../avr/lib/avr35/crtat90usb162.o
                0x00000166                __vector_22
                0x00000166                __vector_28
                0x00000166                __vector_1
                0x00000166                __vector_24
                0x00000166                __bad_interrupt
                0x00000166                __vector_6
                0x00000166                __vector_3
                0x00000166                __vector_23
                0x00000166                __vector_25
                0x00000166                __vector_13
                0x00000166                __vector_17
                0x00000166                __vector_19
                0x00000166                __vector_7
                0x00000166                __vector_27
                0x00000166                __vector_5
                0x00000166                __vector_4
                0x00000166                __vector_9
                0x00000166                __vector_2
                0x00000166                __vector_21
                0x00000166                __vector_15
                0x00000166                __vector_8
                0x00000166                __vector_26
                0x00000166                __vector_14
                0x00000166                __vector_10
                0x00000166                __vector_16
                0x00000166                __vector_18
                0x00000166                __vector_20
                0x00000168                . = ALIGN (0x2)
 *(.text.*)
 .text.bruces_usb_init
                0x00000168       0x36 obj/gpio.o
                0x00000168                bruces_usb_init
 .text.Jump_To_Bootloader
                0x0000019e       0x38 obj/gpio.o
                0x0000019e                Jump_To_Bootloader
 .text.do_read  0x000001d6       0x76 obj/gpio.o
                0x000001d6                do_read
 .text.do_write
                0x0000024c       0x88 obj/gpio.o
                0x0000024c                do_write
 .text.do_error
                0x000002d4       0x28 obj/gpio.o
                0x000002d4                do_error
 .text.startup.main
                0x000002fc       0x5e obj/gpio.o
                0x000002fc                main
 .text.EVENT_USB_Device_ConfigurationChanged
                0x0000035a        0x6 obj/gpio.o
                0x0000035a                EVENT_USB_Device_ConfigurationChanged
 .text.EVENT_USB_Device_ControlRequest
                0x00000360        0x6 obj/gpio.o
                0x00000360                EVENT_USB_Device_ControlRequest
 .text.CALLBACK_USB_GetDescriptor
                0x00000366       0x60 obj/Descriptors.o
                0x00000366                CALLBACK_USB_GetDescriptor
 .text.Endpoint_Write_Control_Stream_LE
                0x000003c6       0xb6 obj/EndpointStream_AVR8.o
                0x000003c6                Endpoint_Write_Control_Stream_LE
 .text.Endpoint_Write_Control_PStream_LE
                0x0000047c       0xbc obj/EndpointStream_AVR8.o
                0x0000047c                Endpoint_Write_Control_PStream_LE
 .text.Endpoint_ConfigureEndpoint_Prv
                0x00000538       0x6a obj/Endpoint_AVR8.o
                0x00000538                Endpoint_ConfigureEndpoint_Prv
 .text.Endpoint_ConfigureEndpointTable
                0x000005a2       0x7a obj/Endpoint_AVR8.o
                0x000005a2                Endpoint_ConfigureEndpointTable
 .text.Endpoint_ClearStatusStage
                0x0000061c       0x3e obj/Endpoint_AVR8.o
                0x0000061c                Endpoint_ClearStatusStage
 .text.Endpoint_WaitUntilReady
                0x0000065a       0x66 obj/Endpoint_AVR8.o
                0x0000065a                Endpoint_WaitUntilReady
 .text.USB_Disable
                0x000006c0       0x2a obj/USBController_AVR8.o
                0x000006c0                USB_Disable
 .text.USB_ResetInterface
                0x000006ea       0x70 obj/USBController_AVR8.o
                0x000006ea                USB_ResetInterface
 .text.USB_Init
                0x0000075a       0x12 obj/USBController_AVR8.o
                0x0000075a                USB_Init
 .text.USB_INT_DisableAllInterrupts
                0x0000076c        0x6 obj/USBInterrupt_AVR8.o
                0x0000076c                USB_INT_DisableAllInterrupts
 .text.USB_INT_ClearAllInterrupts
                0x00000772        0x6 obj/USBInterrupt_AVR8.o
                0x00000772                USB_INT_ClearAllInterrupts
 .text.__vector_11
                0x00000778      0x150 obj/USBInterrupt_AVR8.o
                0x00000778                __vector_11
 .text.__vector_12
                0x000008c8       0x86 obj/USBInterrupt_AVR8.o
                0x000008c8                __vector_12
 .text.USB_Device_ProcessControlRequest
                0x0000094e      0x2c2 obj/DeviceStandardReq.o
                0x0000094e                USB_Device_ProcessControlRequest
 .text.USB_Event_Stub
                0x00000c10        0x2 obj/Events.o
                0x00000c10                EVENT_USB_Device_Connect
                0x00000c10                EVENT_USB_Device_WakeUp
                0x00000c10                USB_Event_Stub
                0x00000c10                EVENT_USB_Device_Suspend
                0x00000c10                EVENT_USB_Device_StartOfFrame
                0x00000c10                EVENT_USB_Device_Disconnect
                0x00000c10                EVENT_USB_Device_Reset
 .text.USB_USBTask
                0x00000c12       0x34 obj/USBTask.o
                0x00000c12                USB_USBTask
 .text.CDC_Device_ConfigureEndpoints
                0x00000c46       0x4a obj/CDCClassDevice.o
                0x00000c46                CDC_Device_ConfigureEndpoints
 .text.CDC_Device_SendByte
                0x00000c90       0x56 obj/CDCClassDevice.o
                0x00000c90                CDC_Device_SendByte
 .text.CDC_Device_putchar
                0x00000ce6       0x20 obj/CDCClassDevice.o
 .text.CDC_Device_Flush
                0x00000d06       0x54 obj/CDCClassDevice.o
                0x00000d06                CDC_Device_Flush
 .text.CDC_Device_USBTask
                0x00000d5a       0x2c obj/CDCClassDevice.o
                0x00000d5a                CDC_Device_USBTask
 .text.CDC_Device_ReceiveByte
                0x00000d86       0x5a obj/CDCClassDevice.o
                0x00000d86                CDC_Device_ReceiveByte
 .text.CDC_Device_getchar_Blocking
                0x00000de0       0x2c obj/CDCClassDevice.o
 .text.CDC_Device_CreateBlockingStream
                0x00000e0c       0x26 obj/CDCClassDevice.o
                0x00000e0c                CDC_Device_CreateBlockingStream
 .text.CDC_Device_Event_Stub
                0x00000e32        0x2 obj/CDCClassDevice.o
                0x00000e32                EVENT_CDC_Device_LineEncodingChanged
                0x00000e32                EVENT_CDC_Device_ControLineStateChanged
                0x00000e32                EVENT_CDC_Device_BreakSent
                0x00000e32                CDC_Device_Event_Stub
 .text.CDC_Device_ProcessControlRequest
                0x00000e34      0x160 obj/CDCClassDevice.o
                0x00000e34                CDC_Device_ProcessControlRequest
 .text.avr-libc
                0x00000f94       0x1c /usr/lib/gcc/avr/5.4.0/../../../avr/lib/avr35/libc.a(strncmp.o)
                0x00000f94                strncmp
 .text.avr-libc
                0x00000fb0       0x52 /usr/lib/gcc/avr/5.4.0/../../../avr/lib/avr35/libc.a(fgets.o)
                0x00000fb0                fgets
 .text.avr-libc
                0x00001002       0x26 /usr/lib/gcc/avr/5.4.0/../../../avr/lib/avr35/libc.a(printf.o)
                0x00001002                printf
 .text.avr-libc
                0x00001028       0x60 /usr/lib/gcc/avr/5.4.0/../../../avr/lib/avr35/libc.a(puts.o)
                0x00001028                puts
 .text.avr-libc
                0x00001088       0x2c /usr/lib/gcc/avr/5.4.0/../../../avr/lib/avr35/libc.a(sscanf.o)
                0x00001088                sscanf
 .text.avr-libc
                0x000010b4      0x3a6 /usr/lib/gcc/avr/5.4.0/../../../avr/lib/avr35/libc.a(vfprintf_std.o)
                0x000010b4                vfprintf
 .text.avr-libc
                0x0000145a      0x51c /usr/lib/gcc/avr/5.4.0/../../../avr/lib/avr35/libc.a(vfscanf_std.o)
                0x00001774                vfscanf
 .text.avr-libc
                0x00001976       0x10 /usr/lib/gcc/avr/5.4.0/../../../avr/lib/avr35/libc.a(isspace.o)
                0x00001976                isspace
 .text.avr-libc
                0x00001986       0x16 /usr/lib/gcc/avr/5.4.0/../../../avr/lib/avr35/libc.a(strchr_P.o)
                0x00001986                strchr_P
 .text.avr-libc
                0x0000199c       0x16 /usr/lib/gcc/avr/5.4.0/../../../avr/lib/avr35/libc.a(strnlen_P.o)
                0x0000199c                strnlen_P
 .text.avr-libc
                0x000019b2       0x16 /usr/lib/gcc/avr/5.4.0/../../../avr/lib/avr35/libc.a(strnlen.o)
                0x000019b2                strnlen
 .text.avr-libc
                0x000019c8       0x7c /usr/lib/gcc/avr/5.4.0/../../../avr/lib/avr35/libc.a(fgetc.o)
                0x000019c8                fgetc
 .text.avr-libc
                0x00001a44       0x78 /usr/lib/gcc/avr/5.4.0/../../../avr/lib/avr35/libc.a(fputc.o)
                0x00001a44                fputc
 .text.avr-libc
                0x00001abc       0x32 /usr/lib/gcc/avr/5.4.0/../../../avr/lib/avr35/libc.a(ungetc.o)
                0x00001abc                ungetc
 .text.avr-libc
                0x00001aee       0xc0 /usr/lib/gcc/avr/5.4.0/../../../avr/lib/avr35/libc.a(ultoa_invert.o)
                0x00001aee                __ultoa_invert
 .text.avr-libc
                0x00001bae        0x6 /usr/lib/gcc/avr/5.4.0/../../../avr/lib/avr35/libc.a(cty_isfalse.o)
                0x00001bae                __ctype_isfalse
                0x00001bb2                __ctype_istrue
 .text.libgcc.mul
                0x00001bb4       0x12 /usr/lib/gcc/avr/5.4.0/avr35/libgcc.a(_mulqi3.o)
                0x00001bb4                __mulqi3
 .text.libgcc.prologue
                0x00001bc6       0x38 /usr/lib/gcc/avr/5.4.0/avr35/libgcc.a(_prologue.o)
                0x00001bc6                __prologue_saves__
 .text.libgcc.prologue
                0x00001bfe       0x36 /usr/lib/gcc/avr/5.4.0/avr35/libgcc.a(_epilogue.o)
                0x00001bfe                __epilogue_restores__
                0x00001c34                . = ALIGN (0x2)
 *(.fini9)
 .fini9         0x00001c34        0x0 /usr/lib/gcc/avr/5.4.0/avr35/libgcc.a(_exit.o)
                0x00001c34                exit
                0x00001c34                _exit
 *(.fini9)
 *(.fini8)
 *(.fini8)
 *(.fini7)
 *(.fini7)
 *(.fini6)
 *(.fini6)
 *(.fini5)
 *(.fini5)
 *(.fini4)
 *(.fini4)
 *(.fini3)
 *(.fini3)
 *(.fini2)
 *(.fini2)
 *(.fini1)
 *(.fini1)
 *(.fini0)
 .fini0         0x00001c34        0x4 /usr/lib/gcc/avr/5.4.0/avr35/libgcc.a(_exit.o)
 *(.fini0)
                0x00001c38                _etext = .

.data           0x00800100       0xf0 load address 0x00001c38
                0x00800100                PROVIDE (__data_start, .)
 *(.data)
 .data          0x00800100       0x1b obj/gpio.o
                0x00800100                VirtualSerial_CDC_Interface
 *(.data*)
 *(.gnu.linkonce.d*)
 *(.rodata)
 *(.rodata*)
 .rodata.str1.1
                0x0080011b       0xd5 obj/gpio.o
 *(.gnu.linkonce.r*)
                0x008001f0                . = ALIGN (0x2)
                0x008001f0                _edata = .
                0x008001f0                PROVIDE (__data_end, .)

.bss            0x008001f0       0x21
                0x008001f0                PROVIDE (__bss_start, .)
 *(.bss)
 .bss           0x008001f0        0xe obj/gpio.o
 *(.bss*)
 *(COMMON)
 COMMON         0x008001fe        0x3 obj/DeviceStandardReq.o
                0x008001fe                USB_Device_ConfigurationNumber
                0x008001ff                USB_Device_CurrentlySelfPowered
                0x00800200                USB_Device_RemoteWakeupEnabled
 COMMON         0x00800201        0xa obj/USBTask.o
                0x00800201                USB_IsInitialized
                0x00800202                USB_DeviceState
                0x00800203                USB_ControlRequest
 COMMON         0x0080020b        0x6 /usr/lib/gcc/avr/5.4.0/../../../avr/lib/avr35/libc.a(iob.o)
                0x0080020b                __iob
                0x00800211                PROVIDE (__bss_end, .)
                0x00001c38                __data_load_start = LOADADDR (.data)
                0x00001d28                __data_load_end = (__data_load_start + SIZEOF (.data))

.noinit         0x00800211        0x2
                [!provide]                PROVIDE (__noinit_start, .)
 *(.noinit*)
 .noinit        0x00800211        0x2 obj/gpio.o
                0x00800211                Boot_Key
                [!provide]                PROVIDE (__noinit_end, .)
                0x00800213                _end = .
                [!provide]                PROVIDE (__heap_start, .)

.eeprom         0x00810000        0x0
 *(.eeprom*)
                0x00810000                __eeprom_end = .

.fuse
 *(.fuse)
 *(.lfuse)
 *(.hfuse)
 *(.efuse)

.lock
 *(.lock*)

.signature
 *(.signature*)

.user_signatures
 *(.user_signatures*)

.stab
 *(.stab)

.stabstr
 *(.stabstr)

.stab.excl
 *(.stab.excl)

.stab.exclstr
 *(.stab.exclstr)

.stab.index
 *(.stab.index)

.stab.indexstr
 *(.stab.indexstr)

.comment        0x00000000       0x11
 *(.comment)
 .comment       0x00000000       0x11 obj/gpio.o
                                 0x12 (size before relaxing)
 .comment       0x00000011       0x12 obj/Descriptors.o
 .comment       0x00000011       0x12 obj/EndpointStream_AVR8.o
 .comment       0x00000011       0x12 obj/Endpoint_AVR8.o
 .comment       0x00000011       0x12 obj/USBController_AVR8.o
 .comment       0x00000011       0x12 obj/USBInterrupt_AVR8.o
 .comment       0x00000011       0x12 obj/DeviceStandardReq.o
 .comment       0x00000011       0x12 obj/Events.o
 .comment       0x00000011       0x12 obj/USBTask.o
 .comment       0x00000011       0x12 obj/CDCClassDevice.o
 .comment       0x00000011       0x12 /usr/lib/gcc/avr/5.4.0/../../../avr/lib/avr35/libc.a(fgets.o)
 .comment       0x00000011       0x12 /usr/lib/gcc/avr/5.4.0/../../../avr/lib/avr35/libc.a(iob.o)
 .comment       0x00000011       0x12 /usr/lib/gcc/avr/5.4.0/../../../avr/lib/avr35/libc.a(printf.o)
 .comment       0x00000011       0x12 /usr/lib/gcc/avr/5.4.0/../../../avr/lib/avr35/libc.a(puts.o)
 .comment       0x00000011       0x12 /usr/lib/gcc/avr/5.4.0/../../../avr/lib/avr35/libc.a(sscanf.o)
 .comment       0x00000011       0x12 /usr/lib/gcc/avr/5.4.0/../../../avr/lib/avr35/libc.a(vfprintf_std.o)
 .comment       0x00000011       0x12 /usr/lib/gcc/avr/5.4.0/../../../avr/lib/avr35/libc.a(vfscanf_std.o)
 .comment       0x00000011       0x12 /usr/lib/gcc/avr/5.4.0/../../../avr/lib/avr35/libc.a(fgetc.o)
 .comment       0x00000011       0x12 /usr/lib/gcc/avr/5.4.0/../../../avr/lib/avr35/libc.a(fputc.o)
 .comment       0x00000011       0x12 /usr/lib/gcc/avr/5.4.0/../../../avr/lib/avr35/libc.a(ungetc.o)

.note.gnu.avr.deviceinfo
                0x00000000       0x40
 .note.gnu.avr.deviceinfo
                0x00000000       0x40 /usr/lib/gcc/avr/5.4.0/../../../avr/lib/avr35/crtat90usb162.o

.note.gnu.build-id
 *(.note.gnu.build-id)

.debug
 *(.debug)

.line
 *(.line)

.debug_srcinfo
 *(.debug_srcinfo)

.debug_sfnames
 *(.debug_sfnames)

.debug_aranges  0x00000000      0x2f8
 *(.debug_aranges)
 .debug_aranges
                0x00000000       0x60 obj/gpio.o
 .debug_aranges
                0x00000060       0x20 obj/Descriptors.o
 .debug_aranges
                0x00000080       0xc8 obj/EndpointStream_AVR8.o
 .debug_aranges
                0x00000148       0x40 obj/Endpoint_AVR8.o
 .debug_aranges
                0x00000188       0x30 obj/USBController_AVR8.o
 .debug_aranges
                0x000001b8       0x38 obj/USBInterrupt_AVR8.o
 .debug_aranges
                0x000001f0       0x20 obj/DeviceStandardReq.o
 .debug_aranges
                0x00000210       0x20 obj/Events.o
 .debug_aranges
                0x00000230       0x20 obj/USBTask.o
 .debug_aranges
                0x00000250       0xa8 obj/CDCClassDevice.o

.debug_pubnames
 *(.debug_pubnames)

.debug_info     0x00000000     0x5d18
 *(.debug_info .gnu.linkonce.wi.*)
 .debug_info    0x00000000      0x6ba /usr/lib/gcc/avr/5.4.0/../../../avr/lib/avr35/crtat90usb162.o
 .debug_info    0x000006ba      0x806 obj/gpio.o
 .debug_info    0x00000ec0      0x79a obj/Descriptors.o
 .debug_info    0x0000165a     0x17c8 obj/EndpointStream_AVR8.o
 .debug_info    0x00002e22      0x620 obj/Endpoint_AVR8.o
 .debug_info    0x00003442      0x483 obj/USBController_AVR8.o
 .debug_info    0x000038c5      0x722 obj/USBInterrupt_AVR8.o
 .debug_info    0x00003fe7      0xa4c obj/DeviceStandardReq.o
 .debug_info    0x00004a33       0x78 obj/Events.o
 .debug_info    0x00004aab      0x272 obj/USBTask.o
 .debug_info    0x00004d1d      0xffb obj/CDCClassDevice.o

.debug_abbrev   0x00000000     0x1b04
 *(.debug_abbrev)
 .debug_abbrev  0x00000000      0x65d /usr/lib/gcc/avr/5.4.0/../../../avr/lib/avr35/crtat90usb162.o
 .debug_abbrev  0x0000065d      0x34b obj/gpio.o
 .debug_abbrev  0x000009a8      0x159 obj/Descriptors.o
 .debug_abbrev  0x00000b01      0x1ea obj/EndpointStream_AVR8.o
 .debug_abbrev  0x00000ceb      0x226 obj/Endpoint_AVR8.o
 .debug_abbrev  0x00000f11      0x188 obj/USBController_AVR8.o
 .debug_abbrev  0x00001099      0x213 obj/USBInterrupt_AVR8.o
 .debug_abbrev  0x000012ac      0x29c obj/DeviceStandardReq.o
 .debug_abbrev  0x00001548       0x44 obj/Events.o
 .debug_abbrev  0x0000158c      0x16b obj/USBTask.o
 .debug_abbrev  0x000016f7      0x40d obj/CDCClassDevice.o

.debug_line     0x00000000     0x3647
 *(.debug_line .debug_line.* .debug_line_end)
 .debug_line    0x00000000       0x1a /usr/lib/gcc/avr/5.4.0/../../../avr/lib/avr35/crtat90usb162.o
 .debug_line    0x0000001a      0x484 obj/gpio.o
 .debug_line    0x0000049e      0x1e4 obj/Descriptors.o
 .debug_line    0x00000682     0x140e obj/EndpointStream_AVR8.o
 .debug_line    0x00001a90      0x4b7 obj/Endpoint_AVR8.o
 .debug_line    0x00001f47      0x2dc obj/USBController_AVR8.o
 .debug_line    0x00002223      0x4cd obj/USBInterrupt_AVR8.o
 .debug_line    0x000026f0      0x495 obj/DeviceStandardReq.o
 .debug_line    0x00002b85       0x60 obj/Events.o
 .debug_line    0x00002be5      0x17e obj/USBTask.o
 .debug_line    0x00002d63      0x8e4 obj/CDCClassDevice.o

.debug_frame    0x00000000      0x8a8
 *(.debug_frame)
 .debug_frame   0x00000000       0xfc obj/gpio.o
 .debug_frame   0x000000fc       0x24 obj/Descriptors.o
 .debug_frame   0x00000120      0x3bc obj/EndpointStream_AVR8.o
 .debug_frame   0x000004dc       0x78 obj/Endpoint_AVR8.o
 .debug_frame   0x00000554       0x44 obj/USBController_AVR8.o
 .debug_frame   0x00000598       0xec obj/USBInterrupt_AVR8.o
 .debug_frame   0x00000684       0x3c obj/DeviceStandardReq.o
 .debug_frame   0x000006c0       0x24 obj/Events.o
 .debug_frame   0x000006e4       0x2c obj/USBTask.o
 .debug_frame   0x00000710      0x198 obj/CDCClassDevice.o

.debug_str      0x00000000     0x2564
 *(.debug_str)
 .debug_str     0x00000000      0x262 /usr/lib/gcc/avr/5.4.0/../../../avr/lib/avr35/crtat90usb162.o
 .debug_str     0x00000262      0x4e7 obj/gpio.o
                                0x55f (size before relaxing)
 .debug_str     0x00000749      0x918 obj/Descriptors.o
                                0xb73 (size before relaxing)
 .debug_str     0x00001061      0x692 obj/EndpointStream_AVR8.o
                                0x885 (size before relaxing)
 .debug_str     0x000016f3      0x2e4 obj/Endpoint_AVR8.o
                                0x645 (size before relaxing)
 .debug_str     0x000019d7      0x266 obj/USBController_AVR8.o
                                0x55b (size before relaxing)
 .debug_str     0x00001c3d      0x174 obj/USBInterrupt_AVR8.o
                                0x5b0 (size before relaxing)
 .debug_str     0x00001db1      0x42c obj/DeviceStandardReq.o
                                0x9f7 (size before relaxing)
 .debug_str     0x000021dd       0x42 obj/Events.o
                                0x1c9 (size before relaxing)
 .debug_str     0x0000221f       0x5c obj/USBTask.o
                                0x3aa (size before relaxing)
 .debug_str     0x0000227b      0x2e9 obj/CDCClassDevice.o
                                0xa9c (size before relaxing)

.debug_loc      0x00000000     0x38fd
 *(.debug_loc)
 .debug_loc     0x00000000      0x28a obj/gpio.o
 .debug_loc     0x0000028a      0x186 obj/Descriptors.o
 .debug_loc     0x00000410     0x1f6f obj/EndpointStream_AVR8.o
 .debug_loc     0x0000237f      0x399 obj/Endpoint_AVR8.o
 .debug_loc     0x00002718       0x78 obj/USBController_AVR8.o
 .debug_loc     0x00002790      0x3b8 obj/USBInterrupt_AVR8.o
 .debug_loc     0x00002b48      0x2f6 obj/DeviceStandardReq.o
 .debug_loc     0x00002e3e       0x49 obj/USBTask.o
 .debug_loc     0x00002e87      0xa76 obj/CDCClassDevice.o

.debug_macinfo
 *(.debug_macinfo)

.debug_weaknames
 *(.debug_weaknames)

.debug_funcnames
 *(.debug_funcnames)

.debug_typenames
 *(.debug_typenames)

.debug_varnames
 *(.debug_varnames)

.debug_pubtypes
 *(.debug_pubtypes)

.debug_ranges   0x00000000      0x410
 *(.debug_ranges)
 .debug_ranges  0x00000000       0x50 obj/gpio.o
 .debug_ranges  0x00000050       0x28 obj/Descriptors.o
 .debug_ranges  0x00000078      0x1f8 obj/EndpointStream_AVR8.o
 .debug_ranges  0x00000270       0x78 obj/Endpoint_AVR8.o
 .debug_ranges  0x000002e8       0x20 obj/USBController_AVR8.o
 .debug_ranges  0x00000308       0x28 obj/USBInterrupt_AVR8.o
 .debug_ranges  0x00000330       0x28 obj/DeviceStandardReq.o
 .debug_ranges  0x00000358       0x10 obj/Events.o
 .debug_ranges  0x00000368       0x10 obj/USBTask.o
 .debug_ranges  0x00000378       0x98 obj/CDCClassDevice.o

.debug_macro
 *(.debug_macro)
OUTPUT(gpio.elf elf32-avr)
LOAD linker stubs

Cross Reference Table

Symbol                                            File
Audio_Device_ConfigureEndpoints                   obj/AudioClassDevice.o
Audio_Device_Event_Stub                           obj/AudioClassDevice.o
Audio_Device_ProcessControlRequest                obj/AudioClassDevice.o
Boot_Key                                          obj/gpio.o
Bootloader_Jump_Check                             obj/gpio.o
CALLBACK_Audio_Device_GetSetEndpointProperty      obj/AudioClassDevice.o
CALLBACK_Audio_Device_GetSetInterfaceProperty     obj/AudioClassDevice.o
CALLBACK_HIDParser_FilterHIDReportItem            obj/HIDParser.o
CALLBACK_HID_Device_CreateHIDReport               obj/HIDClassDevice.o
CALLBACK_HID_Device_ProcessHIDReport              obj/HIDClassDevice.o
CALLBACK_MS_Device_SCSICommandReceived            obj/MassStorageClassDevice.o
CALLBACK_USB_GetDescriptor                        obj/Descriptors.o
                                                  obj/DeviceStandardReq.o
CDC_Device_BytesReceived                          obj/CDCClassDevice.o
CDC_Device_ConfigureEndpoints                     obj/CDCClassDevice.o
                                                  obj/gpio.o
CDC_Device_CreateBlockingStream                   obj/CDCClassDevice.o
                                                  obj/gpio.o
CDC_Device_CreateStream                           obj/CDCClassDevice.o
CDC_Device_Event_Stub                             obj/CDCClassDevice.o
CDC_Device_Flush                                  obj/CDCClassDevice.o
CDC_Device_ProcessControlRequest                  obj/CDCClassDevice.o
                                                  obj/gpio.o
CDC_Device_ReceiveByte                            obj/CDCClassDevice.o
CDC_Device_SendByte                               obj/CDCClassDevice.o
CDC_Device_SendControlLineStateChange             obj/CDCClassDevice.o
CDC_Device_SendData                               obj/CDCClassDevice.o
CDC_Device_SendData_P                             obj/CDCClassDevice.o
CDC_Device_SendString                             obj/CDCClassDevice.o
CDC_Device_SendString_P                           obj/CDCClassDevice.o
CDC_Device_USBTask                                obj/CDCClassDevice.o
ConfigurationDescriptor                           obj/Descriptors.o
DeviceDescriptor                                  obj/Descriptors.o
EVENT_Audio_Device_StreamStartStop                obj/AudioClassDevice.o
EVENT_CDC_Device_BreakSent                        obj/CDCClassDevice.o
EVENT_CDC_Device_ControLineStateChanged           obj/CDCClassDevice.o
EVENT_CDC_Device_LineEncodingChanged              obj/CDCClassDevice.o
EVENT_PRNT_Device_SoftReset                       obj/PrinterClassDevice.o
EVENT_USB_Device_ConfigurationChanged             obj/gpio.o
                                                  obj/DeviceStandardReq.o
EVENT_USB_Device_Connect                          obj/Events.o
                                                  obj/USBInterrupt_AVR8.o
EVENT_USB_Device_ControlRequest                   obj/gpio.o
                                                  obj/DeviceStandardReq.o
EVENT_USB_Device_Disconnect                       obj/Events.o
                                                  obj/USBInterrupt_AVR8.o
EVENT_USB_Device_Reset                            obj/Events.o
                                                  obj/USBInterrupt_AVR8.o
EVENT_USB_Device_StartOfFrame                     obj/Events.o
                                                  obj/USBInterrupt_AVR8.o
EVENT_USB_Device_Suspend                          obj/Events.o
EVENT_USB_Device_WakeUp                           obj/Events.o
Endpoint_ClearEndpoints                           obj/Endpoint_AVR8.o
Endpoint_ClearStatusStage                         obj/Endpoint_AVR8.o
                                                  obj/PrinterClassDevice.o
                                                  obj/MassStorageClassDevice.o
                                                  obj/HIDClassDevice.o
                                                  obj/CDCClassDevice.o
                                                  obj/AudioClassDevice.o
                                                  obj/DeviceStandardReq.o
Endpoint_ConfigureEndpointTable                   obj/Endpoint_AVR8.o
                                                  obj/RNDISClassDevice.o
                                                  obj/PrinterClassDevice.o
                                                  obj/MIDIClassDevice.o
                                                  obj/MassStorageClassDevice.o
                                                  obj/HIDClassDevice.o
                                                  obj/CDCClassDevice.o
                                                  obj/AudioClassDevice.o
Endpoint_ConfigureEndpoint_Prv                    obj/Endpoint_AVR8.o
                                                  obj/USBInterrupt_AVR8.o
                                                  obj/USBController_AVR8.o
Endpoint_Discard_Stream                           obj/EndpointStream_AVR8.o
Endpoint_Null_Stream                              obj/EndpointStream_AVR8.o
Endpoint_Read_Control_EStream_BE                  obj/EndpointStream_AVR8.o
Endpoint_Read_Control_EStream_LE                  obj/EndpointStream_AVR8.o
Endpoint_Read_Control_Stream_BE                   obj/EndpointStream_AVR8.o
Endpoint_Read_Control_Stream_LE                   obj/EndpointStream_AVR8.o
                                                  obj/RNDISClassDevice.o
                                                  obj/HIDClassDevice.o
                                                  obj/AudioClassDevice.o
Endpoint_Read_EStream_BE                          obj/EndpointStream_AVR8.o
Endpoint_Read_EStream_LE                          obj/EndpointStream_AVR8.o
Endpoint_Read_Stream_BE                           obj/EndpointStream_AVR8.o
Endpoint_Read_Stream_LE                           obj/EndpointStream_AVR8.o
                                                  obj/RNDISClassDevice.o
                                                  obj/MIDIClassDevice.o
                                                  obj/MassStorageClassDevice.o
Endpoint_WaitUntilReady                           obj/Endpoint_AVR8.o
                                                  obj/RNDISClassDevice.o
                                                  obj/PrinterClassDevice.o
                                                  obj/MIDIClassDevice.o
                                                  obj/CDCClassDevice.o
                                                  obj/EndpointStream_AVR8.o
Endpoint_Write_Control_EStream_BE                 obj/EndpointStream_AVR8.o
Endpoint_Write_Control_EStream_LE                 obj/EndpointStream_AVR8.o
Endpoint_Write_Control_PStream_BE                 obj/EndpointStream_AVR8.o
Endpoint_Write_Control_PStream_LE                 obj/EndpointStream_AVR8.o
                                                  obj/DeviceStandardReq.o
Endpoint_Write_Control_Stream_BE                  obj/EndpointStream_AVR8.o
Endpoint_Write_Control_Stream_LE                  obj/EndpointStream_AVR8.o
                                                  obj/RNDISClassDevice.o
                                                  obj/PrinterClassDevice.o
                                                  obj/HIDClassDevice.o
                                                  obj/AudioClassDevice.o
                                                  obj/DeviceStandardReq.o
Endpoint_Write_EStream_BE                         obj/EndpointStream_AVR8.o
Endpoint_Write_EStream_LE                         obj/EndpointStream_AVR8.o
Endpoint_Write_PStream_BE                         obj/EndpointStream_AVR8.o
Endpoint_Write_PStream_LE                         obj/EndpointStream_AVR8.o
                                                  obj/CDCClassDevice.o
Endpoint_Write_Stream_BE                          obj/EndpointStream_AVR8.o
Endpoint_Write_Stream_LE                          obj/EndpointStream_AVR8.o
                                                  obj/RNDISClassDevice.o
                                                  obj/PrinterClassDevice.o
                                                  obj/MIDIClassDevice.o
                                                  obj/MassStorageClassDevice.o
                                                  obj/HIDClassDevice.o
                                                  obj/CDCClassDevice.o
HID_Device_ConfigureEndpoints                     obj/HIDClassDevice.o
HID_Device_ProcessControlRequest                  obj/HIDClassDevice.o
HID_Device_USBTask                                obj/HIDClassDevice.o
Jump_To_Bootloader                                obj/gpio.o
LanguageString                                    obj/Descriptors.o
MIDI_Device_ConfigureEndpoints                    obj/MIDIClassDevice.o
MIDI_Device_Flush                                 obj/MIDIClassDevice.o
MIDI_Device_ReceiveEventPacket                    obj/MIDIClassDevice.o
MIDI_Device_SendEventPacket                       obj/MIDIClassDevice.o
MIDI_Device_USBTask                               obj/MIDIClassDevice.o
MS_Device_ConfigureEndpoints                      obj/MassStorageClassDevice.o
MS_Device_ProcessControlRequest                   obj/MassStorageClassDevice.o
MS_Device_USBTask                                 obj/MassStorageClassDevice.o
ManufacturerString                                obj/Descriptors.o
PRNT_Device_BytesReceived                         obj/PrinterClassDevice.o
PRNT_Device_ConfigureEndpoints                    obj/PrinterClassDevice.o
PRNT_Device_CreateBlockingStream                  obj/PrinterClassDevice.o
PRNT_Device_CreateStream                          obj/PrinterClassDevice.o
PRNT_Device_Event_Stub                            obj/PrinterClassDevice.o
PRNT_Device_Flush                                 obj/PrinterClassDevice.o
PRNT_Device_ProcessControlRequest                 obj/PrinterClassDevice.o
PRNT_Device_ReceiveByte                           obj/PrinterClassDevice.o
PRNT_Device_SendByte                              obj/PrinterClassDevice.o
PRNT_Device_SendData                              obj/PrinterClassDevice.o
PRNT_Device_SendString                            obj/PrinterClassDevice.o
PRNT_Device_USBTask                               obj/PrinterClassDevice.o
ProductString                                     obj/Descriptors.o
RNDIS_Device_ConfigureEndpoints                   obj/RNDISClassDevice.o
RNDIS_Device_IsPacketReceived                     obj/RNDISClassDevice.o
RNDIS_Device_ProcessControlRequest                obj/RNDISClassDevice.o
RNDIS_Device_ReadPacket                           obj/RNDISClassDevice.o
RNDIS_Device_SendPacket                           obj/RNDISClassDevice.o
RNDIS_Device_USBTask                              obj/RNDISClassDevice.o
USB_ControlRequest                                obj/USBTask.o
                                                  obj/RNDISClassDevice.o
                                                  obj/PrinterClassDevice.o
                                                  obj/MassStorageClassDevice.o
                                                  obj/HIDClassDevice.o
                                                  obj/CDCClassDevice.o
                                                  obj/AudioClassDevice.o
                                                  obj/DeviceStandardReq.o
                                                  obj/Endpoint_AVR8.o
                                                  obj/EndpointStream_AVR8.o
USB_DeviceState                                   obj/USBTask.o
                                                  obj/RNDISClassDevice.o
                                                  obj/PrinterClassDevice.o
                                                  obj/MIDIClassDevice.o
                                                  obj/MassStorageClassDevice.o
                                                  obj/HIDClassDevice.o
                                                  obj/CDCClassDevice.o
                                                  obj/DeviceStandardReq.o
                                                  obj/USBInterrupt_AVR8.o
                                                  obj/USBController_AVR8.o
                                                  obj/Endpoint_AVR8.o
                                                  obj/EndpointStream_AVR8.o
USB_Device_ConfigurationNumber                    obj/DeviceStandardReq.o
                                                  obj/USBInterrupt_AVR8.o
                                                  obj/USBController_AVR8.o
USB_Device_CurrentlySelfPowered                   obj/DeviceStandardReq.o
                                                  obj/USBController_AVR8.o
USB_Device_ProcessControlRequest                  obj/DeviceStandardReq.o
                                                  obj/USBTask.o
                                                  obj/USBInterrupt_AVR8.o
USB_Device_RemoteWakeupEnabled                    obj/DeviceStandardReq.o
                                                  obj/USBController_AVR8.o
USB_Device_SendRemoteWakeup                       obj/Device_AVR8.o
USB_Disable                                       obj/USBController_AVR8.o
                                                  obj/gpio.o
USB_Event_Stub                                    obj/Events.o
USB_GetHIDReportItemInfo                          obj/HIDParser.o
USB_GetHIDReportSize                              obj/HIDParser.o
USB_GetNextDescriptorComp                         obj/ConfigDescriptors.o
USB_GetNextDescriptorOfType                       obj/ConfigDescriptors.o
USB_GetNextDescriptorOfTypeAfter                  obj/ConfigDescriptors.o
USB_GetNextDescriptorOfTypeBefore                 obj/ConfigDescriptors.o
USB_INT_ClearAllInterrupts                        obj/USBInterrupt_AVR8.o
                                                  obj/USBController_AVR8.o
USB_INT_DisableAllInterrupts                      obj/USBInterrupt_AVR8.o
                                                  obj/USBController_AVR8.o
USB_Init                                          obj/USBController_AVR8.o
                                                  obj/gpio.o
USB_IsInitialized                                 obj/USBTask.o
                                                  obj/USBController_AVR8.o
USB_ProcessHIDReport                              obj/HIDParser.o
USB_ResetInterface                                obj/USBController_AVR8.o
USB_SetHIDReportItemInfo                          obj/HIDParser.o
USB_USBTask                                       obj/USBTask.o
                                                  obj/PrinterClassDevice.o
                                                  obj/CDCClassDevice.o
VirtualSerial_CDC_Interface                       obj/gpio.o
__FUSE_REGION_LENGTH__                            /usr/lib/gcc/avr/5.4.0/../../../avr/lib/avr35/crtat90usb162.o
__bad_interrupt                                   /usr/lib/gcc/avr/5.4.0/../../../avr/lib/avr35/crtat90usb162.o
__bss_end                                         /usr/lib/gcc/avr/5.4.0/avr35/libgcc.a(_clear_bss.o)
__bss_start                                       /usr/lib/gcc/avr/5.4.0/avr35/libgcc.a(_clear_bss.o)
__ctype_isfalse                                   /usr/lib/gcc/avr/5.4.0/../../../avr/lib/avr35/libc.a(cty_isfalse.o)
                                                  /usr/lib/gcc/avr/5.4.0/../../../avr/lib/avr35/libc.a(isspace.o)
__ctype_istrue                                    /usr/lib/gcc/avr/5.4.0/../../../avr/lib/avr35/libc.a(cty_isfalse.o)
__data_end                                        /usr/lib/gcc/avr/5.4.0/avr35/libgcc.a(_copy_data.o)
__data_load_start                                 /usr/lib/gcc/avr/5.4.0/avr35/libgcc.a(_copy_data.o)
__data_start                                      /usr/lib/gcc/avr/5.4.0/avr35/libgcc.a(_copy_data.o)
__do_clear_bss                                    /usr/lib/gcc/avr/5.4.0/avr35/libgcc.a(_clear_bss.o)
                                                  /usr/lib/gcc/avr/5.4.0/../../../avr/lib/avr35/libc.a(iob.o)
                                                  obj/USBTask.o
                                                  obj/DeviceStandardReq.o
                                                  obj/gpio.o
__do_copy_data                                    /usr/lib/gcc/avr/5.4.0/avr35/libgcc.a(_copy_data.o)
                                                  obj/RNDISClassDevice.o
                                                  obj/CDCClassDevice.o
                                                  obj/gpio.o
__epilogue_restores__                             /usr/lib/gcc/avr/5.4.0/avr35/libgcc.a(_epilogue.o)
                                                  /usr/lib/gcc/avr/5.4.0/../../../avr/lib/avr35/libc.a(vfscanf_std.o)
                                                  /usr/lib/gcc/avr/5.4.0/../../../avr/lib/avr35/libc.a(vfprintf_std.o)
                                                  /usr/lib/gcc/avr/5.4.0/../../../avr/lib/avr35/libc.a(sscanf.o)
                                                  /usr/lib/gcc/avr/5.4.0/../../../avr/lib/avr35/libc.a(printf.o)
                                                  /usr/lib/gcc/avr/5.4.0/../../../avr/lib/avr35/libc.a(fgets.o)
__heap_end                                        /usr/lib/gcc/avr/5.4.0/../../../avr/lib/avr35/crtat90usb162.o
__init                                            /usr/lib/gcc/avr/5.4.0/../../../avr/lib/avr35/crtat90usb162.o
__iob                                             /usr/lib/gcc/avr/5.4.0/../../../avr/lib/avr35/libc.a(iob.o)
                                                  /usr/lib/gcc/avr/5.4.0/../../../avr/lib/avr35/libc.a(puts.o)
                                                  /usr/lib/gcc/avr/5.4.0/../../../avr/lib/avr35/libc.a(printf.o)
                                                  obj/gpio.o
__mulhi3                                          /usr/lib/gcc/avr/5.4.0/avr35/libgcc.a(_mulhi3.o)
                                                  obj/HIDParser.o
__mulqi3                                          /usr/lib/gcc/avr/5.4.0/avr35/libgcc.a(_mulqi3.o)
                                                  /usr/lib/gcc/avr/5.4.0/../../../avr/lib/avr35/libc.a(vfprintf_std.o)
__prologue_saves__                                /usr/lib/gcc/avr/5.4.0/avr35/libgcc.a(_prologue.o)
                                                  /usr/lib/gcc/avr/5.4.0/../../../avr/lib/avr35/libc.a(vfscanf_std.o)
                                                  /usr/lib/gcc/avr/5.4.0/../../../avr/lib/avr35/libc.a(vfprintf_std.o)
                                                  /usr/lib/gcc/avr/5.4.0/../../../avr/lib/avr35/libc.a(sscanf.o)
                                                  /usr/lib/gcc/avr/5.4.0/../../../avr/lib/avr35/libc.a(printf.o)
                                                  /usr/lib/gcc/avr/5.4.0/../../../avr/lib/avr35/libc.a(fgets.o)
__stack                                           /usr/lib/gcc/avr/5.4.0/../../../avr/lib/avr35/crtat90usb162.o
__strlen_P                                        /usr/lib/gcc/avr/5.4.0/../../../avr/lib/avr35/libc.a(strlen_P.o)
                                                  obj/CDCClassDevice.o
__ultoa_invert                                    /usr/lib/gcc/avr/5.4.0/../../../avr/lib/avr35/libc.a(ultoa_invert.o)
                                                  /usr/lib/gcc/avr/5.4.0/../../../avr/lib/avr35/libc.a(vfprintf_std.o)
__vector_1                                        /usr/lib/gcc/avr/5.4.0/../../../avr/lib/avr35/crtat90usb162.o
__vector_10                                       /usr/lib/gcc/avr/5.4.0/../../../avr/lib/avr35/crtat90usb162.o
__vector_11                                       obj/USBInterrupt_AVR8.o
                                                  /usr/lib/gcc/avr/5.4.0/../../../avr/lib/avr35/crtat90usb162.o
__vector_12                                       obj/USBInterrupt_AVR8.o
                                                  /usr/lib/gcc/avr/5.4.0/../../../avr/lib/avr35/crtat90usb162.o
__vector_13                                       /usr/lib/gcc/avr/5.4.0/../../../avr/lib/avr35/crtat90usb162.o
__vector_14                                       /usr/lib/gcc/avr/5.4.0/../../../avr/lib/avr35/crtat90usb162.o
__vector_15                                       /usr/lib/gcc/avr/5.4.0/../../../avr/lib/avr35/crtat90usb162.o
__vector_16                                       /usr/lib/gcc/avr/5.4.0/../../../avr/lib/avr35/crtat90usb162.o
__vector_17                                       /usr/lib/gcc/avr/5.4.0/../../../avr/lib/avr35/crtat90usb162.o
__vector_18                                       /usr/lib/gcc/avr/5.4.0/../../../avr/lib/avr35/crtat90usb162.o
__vector_19                                       /usr/lib/gcc/avr/5.4.0/../../../avr/lib/avr35/crtat90usb162.o
__vector_2                                        /usr/lib/gcc/avr/5.4.0/../../../avr/lib/avr35/crtat90usb162.o
__vector_20                                       /usr/lib/gcc/avr/5.4.0/../../../avr/lib/avr35/crtat90usb162.o
__vector_21                                       /usr/lib/gcc/avr/5.4.0/../../../avr/lib/avr35/crtat90usb162.o
__vector_22                                       /usr/lib/gcc/avr/5.4.0/../../../avr/lib/avr35/crtat90usb162.o
__vector_23                                       /usr/lib/gcc/avr/5.4.0/../../../avr/lib/avr35/crtat90usb162.o
__vector_24                                       /usr/lib/gcc/avr/5.4.0/../../../avr/lib/avr35/crtat90usb162.o
__vector_25                                       /usr/lib/gcc/avr/5.4.0/../../../avr/lib/avr35/crtat90usb162.o
__vector_26                                       /usr/lib/gcc/avr/5.4.0/../../../avr/lib/avr35/crtat90usb162.o
__vector_27                                       /usr/lib/gcc/avr/5.4.0/../../../avr/lib/avr35/crtat90usb162.o
__vector_28                                       /usr/lib/gcc/avr/5.4.0/../../../avr/lib/avr35/crtat90usb162.o
__vector_3                                        /usr/lib/gcc/avr/5.4.0/../../../avr/lib/avr35/crtat90usb162.o
__vector_4                                        /usr/lib/gcc/avr/5.4.0/../../../avr/lib/avr35/crtat90usb162.o
__vector_5                                        /usr/lib/gcc/avr/5.4.0/../../../avr/lib/avr35/crtat90usb162.o
__vector_6                                        /usr/lib/gcc/avr/5.4.0/../../../avr/lib/avr35/crtat90usb162.o
__vector_7                                        /usr/lib/gcc/avr/5.4.0/../../../avr/lib/avr35/crtat90usb162.o
__vector_8                                        /usr/lib/gcc/avr/5.4.0/../../../avr/lib/avr35/crtat90usb162.o
__vector_9                                        /usr/lib/gcc/avr/5.4.0/../../../avr/lib/avr35/crtat90usb162.o
__vector_default                                  /usr/lib/gcc/avr/5.4.0/../../../avr/lib/avr35/crtat90usb162.o
__vectors                                         /usr/lib/gcc/avr/5.4.0/../../../avr/lib/avr35/crtat90usb162.o
_exit                                             /usr/lib/gcc/avr/5.4.0/avr35/libgcc.a(_exit.o)
bruces_usb_init                                   obj/gpio.o
do_error                                          obj/gpio.o
do_read                                           obj/gpio.o
do_write                                          obj/gpio.o
eeprom_read_byte                                  /usr/lib/gcc/avr/5.4.0/../../../avr/lib/avr35/libat90usb162.a(eerd_byte.o)
                                                  obj/EndpointStream_AVR8.o
eeprom_update_byte                                /usr/lib/gcc/avr/5.4.0/../../../avr/lib/avr35/libat90usb162.a(eeupd_byte.o)
                                                  obj/EndpointStream_AVR8.o
eeprom_update_r18                                 /usr/lib/gcc/avr/5.4.0/../../../avr/lib/avr35/libat90usb162.a(eeupd_byte.o)
exit                                              /usr/lib/gcc/avr/5.4.0/avr35/libgcc.a(_exit.o)
                                                  /usr/lib/gcc/avr/5.4.0/../../../avr/lib/avr35/crtat90usb162.o
fgetc                                             /usr/lib/gcc/avr/5.4.0/../../../avr/lib/avr35/libc.a(fgetc.o)
                                                  /usr/lib/gcc/avr/5.4.0/../../../avr/lib/avr35/libc.a(vfscanf_std.o)
                                                  /usr/lib/gcc/avr/5.4.0/../../../avr/lib/avr35/libc.a(fgets.o)
fgets                                             /usr/lib/gcc/avr/5.4.0/../../../avr/lib/avr35/libc.a(fgets.o)
                                                  obj/gpio.o
fputc                                             /usr/lib/gcc/avr/5.4.0/../../../avr/lib/avr35/libc.a(fputc.o)
                                                  /usr/lib/gcc/avr/5.4.0/../../../avr/lib/avr35/libc.a(vfprintf_std.o)
isspace                                           /usr/lib/gcc/avr/5.4.0/../../../avr/lib/avr35/libc.a(isspace.o)
                                                  /usr/lib/gcc/avr/5.4.0/../../../avr/lib/avr35/libc.a(vfscanf_std.o)
main                                              obj/gpio.o
                                                  /usr/lib/gcc/avr/5.4.0/../../../avr/lib/avr35/crtat90usb162.o
memcmp                                            /usr/lib/gcc/avr/5.4.0/../../../avr/lib/avr35/libc.a(memcmp.o)
                                                  obj/HIDClassDevice.o
memcpy                                            /usr/lib/gcc/avr/5.4.0/../../../avr/lib/avr35/libc.a(memcpy.o)
                                                  obj/RNDISClassDevice.o
                                                  obj/HIDClassDevice.o
memcpy_P                                          /usr/lib/gcc/avr/5.4.0/../../../avr/lib/avr35/libc.a(memcpy_P.o)
                                                  obj/RNDISClassDevice.o
memset                                            /usr/lib/gcc/avr/5.4.0/../../../avr/lib/avr35/libc.a(memset.o)
                                                  obj/HIDClassDevice.o
printf                                            /usr/lib/gcc/avr/5.4.0/../../../avr/lib/avr35/libc.a(printf.o)
                                                  obj/gpio.o
puts                                              /usr/lib/gcc/avr/5.4.0/../../../avr/lib/avr35/libc.a(puts.o)
                                                  obj/gpio.o
sscanf                                            /usr/lib/gcc/avr/5.4.0/../../../avr/lib/avr35/libc.a(sscanf.o)
                                                  obj/gpio.o
strchr_P                                          /usr/lib/gcc/avr/5.4.0/../../../avr/lib/avr35/libc.a(strchr_P.o)
                                                  /usr/lib/gcc/avr/5.4.0/../../../avr/lib/avr35/libc.a(vfscanf_std.o)
strncmp                                           /usr/lib/gcc/avr/5.4.0/../../../avr/lib/avr35/libc.a(strncmp.o)
                                                  obj/gpio.o
strnlen                                           /usr/lib/gcc/avr/5.4.0/../../../avr/lib/avr35/libc.a(strnlen.o)
                                                  /usr/lib/gcc/avr/5.4.0/../../../avr/lib/avr35/libc.a(vfprintf_std.o)
strnlen_P                                         /usr/lib/gcc/avr/5.4.0/../../../avr/lib/avr35/libc.a(strnlen_P.o)
                                                  /usr/lib/gcc/avr/5.4.0/../../../avr/lib/avr35/libc.a(vfprintf_std.o)
ungetc                                            /usr/lib/gcc/avr/5.4.0/../../../avr/lib/avr35/libc.a(ungetc.o)
                                                  /usr/lib/gcc/avr/5.4.0/../../../avr/lib/avr35/libc.a(vfscanf_std.o)
vfprintf                                          /usr/lib/gcc/avr/5.4.0/../../../avr/lib/avr35/libc.a(vfprintf_std.o)
                                                  /usr/lib/gcc/avr/5.4.0/../../../avr/lib/avr35/libc.a(printf.o)
vfscanf                                           /usr/lib/gcc/avr/5.4.0/../../../avr/lib/avr35/libc.a(vfscanf_std.o)
                                                  /usr/lib/gcc/avr/5.4.0/../../../avr/lib/avr35/libc.a(sscanf.o)
